MPLINK 4.35, Linker
Linker Map File - Created Wed Dec 03 21:22:04 2014

                                 Section Info
                  Section       Type    Address   Location Size(Bytes)
                ---------  ---------  ---------  ---------  ---------
               _entry_scn       code   0x000000    program   0x000006
                   .cinit    romdata   0x000006    program   0x000032
     .code_BSW_SoftUART.o       code   0x000038    program   0x000314
      .code_BSW_ReadADC.o       code   0x00034c    program   0x0000b8
           .code___init.o       code   0x000404    program   0x000002
     .code_APP_Settings.o       code   0x000406    program   0x000002
      InterruptVectorHigh       code   0x000408    program   0x000006
          .code_BSW_CAN.o       code   0x00040e    program   0x000aea
  .code_APP_SendBmsData.o       code   0x000ef8    program   0x000214
 .code_APP_AuxFunctions.o       code   0x00110c    program   0x0001a4
.code_APP_ReadTemperature.o       code   0x0012b0    program   0x00018a
 .code_APP_ReadBmsSlave.o       code   0x00143a    program   0x000146
.romdata_APP_ReadTemperature.o    romdata   0x001580    program   0x000140
             .code_main.o       code   0x0016c0    program   0x000116
               _cinit_scn       code   0x0017d6    program   0x00009e
          .code_t0write.o       code   0x001874    program   0x000038
           .code_t0open.o       code   0x0018ac    program   0x000038
     .code_adcselchconv.o       code   0x0018e4    program   0x000030
             .code_RTOS.o       code   0x001914    program   0x000030
         .code_fxd1616u.o       code   0x001944    program   0x00002c
       .code_BSW_Timers.o       code   0x001970    program   0x000020
                    .code       code   0x001990    program   0x000020
             _startup_scn       code   0x0019b0    program   0x00001c
          .code_adcread.o       code   0x0019cc    program   0x000012
             .stringtable    romdata   0x0019de    program   0x000009
  .romdata_APP_Settings.o    romdata   0x0019e7    program   0x000000
      .romdata_BSW_GPIO.o    romdata   0x0019e7    program   0x000000
      .idata_fxd1616u.o_i    romdata   0x0019e7    program   0x000000
      .romdata_fxd1616u.o    romdata   0x0019e7    program   0x000000
        .idata_t0open.o_i    romdata   0x0019e7    program   0x000000
        .romdata_t0open.o    romdata   0x0019e7    program   0x000000
       .idata_adcread.o_i    romdata   0x0019e7    program   0x000000
       .romdata_adcread.o    romdata   0x0019e7    program   0x000000
  .idata_adcselchconv.o_i    romdata   0x0019e7    program   0x000000
  .romdata_adcselchconv.o    romdata   0x0019e7    program   0x000000
       .idata_t0write.o_i    romdata   0x0019e7    program   0x000000
       .romdata_t0write.o    romdata   0x0019e7    program   0x000000
        .idata___init.o_i    romdata   0x0019e7    program   0x000000
        .romdata___init.o    romdata   0x0019e7    program   0x000000
         .idata_c018i.o_i    romdata   0x0019e7    program   0x000000
         .romdata_c018i.o    romdata   0x0019e7    program   0x000000
          .idata_main.o_i    romdata   0x0019e7    program   0x000000
          .romdata_main.o    romdata   0x0019e7    program   0x000000
          .idata_RTOS.o_i    romdata   0x0019e7    program   0x000000
          .romdata_RTOS.o    romdata   0x0019e7    program   0x000000
    .idata_BSW_Timers.o_i    romdata   0x0019e7    program   0x000000
    .romdata_BSW_Timers.o    romdata   0x0019e7    program   0x000000
       .romdata_BSW_CAN.o    romdata   0x0019e7    program   0x000000
  .idata_BSW_SoftUART.o_i    romdata   0x0019e7    program   0x000001
  .romdata_BSW_SoftUART.o    romdata   0x0019e7    program   0x000000
.romdata_APP_SendBmsData.o    romdata   0x0019e7    program   0x000000
.romdata_APP_ReadBmsSlave.o    romdata   0x0019e7    program   0x000000
.romdata_APP_AuxFunctions.o    romdata   0x0019e7    program   0x000000
   .romdata_BSW_ReadADC.o    romdata   0x0019e7    program   0x000000
         .code_BSW_GPIO.o       code   0x0019e8    program   0x000006
   .idata_BSW_ReadADC.o_i    romdata   0x0019ee    program   0x000007
.idata_APP_SendBmsData.o_i    romdata   0x0019f5    program   0x000000
       .idata_BSW_CAN.o_i    romdata   0x0019f5    program   0x000000
.idata_APP_ReadTemperature.o_i    romdata   0x0019f5    program   0x000004
  .idata_APP_Settings.o_i    romdata   0x0019f5    program   0x000000
      .idata_BSW_GPIO.o_i    romdata   0x0019f5    program   0x000000
.idata_APP_ReadBmsSlave.o_i    romdata   0x0019f9    program   0x000002
.idata_APP_AuxFunctions.o_i    romdata   0x0019fb    program   0x000000
            .code_c018i.o       code   0x0019fc    program   0x000000
                MATH_DATA      udata   0x000000       data   0x000010
                 .tmpdata      udata   0x000010       data   0x00000c
.udata_APP_ReadBmsSlave.o      udata   0x000060       data   0x000032
    .udata_BSW_SoftUART.o      udata   0x000092       data   0x00002f
     .udata_BSW_ReadADC.o      udata   0x0000c1       data   0x000010
 .udata_APP_SendBmsData.o      udata   0x0000d1       data   0x00000c
           .udata_c018i.o      udata   0x0000dd       data   0x00000a
      .udata_BSW_Timers.o      udata   0x0000e7       data   0x000008
     .idata_BSW_ReadADC.o      idata   0x0000ef       data   0x000007
.idata_APP_ReadTemperature.o      idata   0x0000f6       data   0x000004
.idata_APP_ReadBmsSlave.o      idata   0x0000fa       data   0x000002
    .idata_BSW_SoftUART.o      idata   0x0000fc       data   0x000001
    .udata_APP_Settings.o      udata   0x0000fd       data   0x000000
    .idata_APP_Settings.o      idata   0x0000fd       data   0x000000
          .idata___init.o      idata   0x0000fd       data   0x000000
          .udata___init.o      udata   0x0000fd       data   0x000000
         .idata_t0write.o      idata   0x0000fd       data   0x000000
         .udata_t0write.o      udata   0x0000fd       data   0x000000
    .idata_adcselchconv.o      idata   0x0000fd       data   0x000000
    .udata_adcselchconv.o      udata   0x0000fd       data   0x000000
         .idata_adcread.o      idata   0x0000fd       data   0x000000
         .udata_adcread.o      udata   0x0000fd       data   0x000000
          .idata_t0open.o      idata   0x0000fd       data   0x000000
          .udata_t0open.o      udata   0x0000fd       data   0x000000
        .idata_fxd1616u.o      idata   0x0000fd       data   0x000000
        .udata_fxd1616u.o      udata   0x0000fd       data   0x000000
        .idata_BSW_GPIO.o      idata   0x0000fd       data   0x000000
        .udata_BSW_GPIO.o      udata   0x0000fd       data   0x000000
.udata_APP_ReadTemperature.o      udata   0x0000fd       data   0x000000
.idata_APP_AuxFunctions.o      idata   0x0000fd       data   0x000000
.udata_APP_AuxFunctions.o      udata   0x0000fd       data   0x000000
           .idata_c018i.o      idata   0x0000fd       data   0x000000
 .idata_APP_SendBmsData.o      idata   0x0000fd       data   0x000000
            .udata_main.o      udata   0x0000fd       data   0x000000
         .idata_BSW_CAN.o      idata   0x0000fd       data   0x000000
         .udata_BSW_CAN.o      udata   0x0000fd       data   0x000000
      .idata_BSW_Timers.o      idata   0x0000fd       data   0x000000
            .idata_RTOS.o      idata   0x0000fd       data   0x000000
            .udata_RTOS.o      udata   0x0000fd       data   0x000000
            .idata_main.o      idata   0x0000fd       data   0x000000
                   .stack      udata   0x000500       data   0x000100
              SFR_BANKED0      udata   0x000d60       data   0x00000c
              SFR_BANKED1      udata   0x000d70       data   0x00000c
              SFR_BANKED2      udata   0x000d80       data   0x00000c
              SFR_BANKED3      udata   0x000d90       data   0x000004
              SFR_BANKED4      udata   0x000dd4       data   0x000002
              SFR_BANKED5      udata   0x000dd8       data   0x000001
              SFR_BANKED6      udata   0x000de0       data   0x000008
              SFR_BANKED7      udata   0x000df0       data   0x000004
              SFR_BANKED8      udata   0x000df8       data   0x000001
              SFR_BANKED9      udata   0x000dfa       data   0x000001
             SFR_BANKED10      udata   0x000dfc       data   0x000001
             SFR_BANKED11      udata   0x000e20       data   0x000060
             SFR_BANKED12      udata   0x000f00       data   0x000060
            SFR_UNBANKED0      udata   0x000f60       data   0x000018
            SFR_UNBANKED1      udata   0x000f80       data   0x000080



                              Program Memory Usage 
                               Start         End      
                           ---------   ---------      
                            0x000000    0x0019fa      
            6651 out of 33048 program addresses used, program memory utilization is 20%



                              Symbols - Sorted by Name
                     Name    Address   Location    Storage File                     
                ---------  ---------  ---------  --------- ---------                
                 ADC_Data   0x00034c    program     extern D:\Razvoj\MCU\MicrochipPIC\BMS_Kristjan\BMS_MASTER_6S-master\Software\libs\BSW_ReadADC.c
              CANIDToRegs   0x0006a4    program     static D:\Razvoj\MCU\MicrochipPIC\BMS_Kristjan\BMS_MASTER_6S-master\Software\libs\BSW_CAN.c
            CANInitialize   0x00040e    program     extern D:\Razvoj\MCU\MicrochipPIC\BMS_Kristjan\BMS_MASTER_6S-master\Software\libs\BSW_CAN.c
        CANReceiveMessage   0x000c80    program     extern D:\Razvoj\MCU\MicrochipPIC\BMS_Kristjan\BMS_MASTER_6S-master\Software\libs\BSW_CAN.c
           CANSendMessage   0x000b4a    program     extern D:\Razvoj\MCU\MicrochipPIC\BMS_Kristjan\BMS_MASTER_6S-master\Software\libs\BSW_CAN.c
           CANSetBaudRate   0x00064a    program     extern D:\Razvoj\MCU\MicrochipPIC\BMS_Kristjan\BMS_MASTER_6S-master\Software\libs\BSW_CAN.c
             CANSetFilter   0x000aa2    program     extern D:\Razvoj\MCU\MicrochipPIC\BMS_Kristjan\BMS_MASTER_6S-master\Software\libs\BSW_CAN.c
               CANSetMask   0x000a36    program     extern D:\Razvoj\MCU\MicrochipPIC\BMS_Kristjan\BMS_MASTER_6S-master\Software\libs\BSW_CAN.c
      CANSetOperationMode   0x000624    program     extern D:\Razvoj\MCU\MicrochipPIC\BMS_Kristjan\BMS_MASTER_6S-master\Software\libs\BSW_CAN.c
                CanConfig   0x000e8e    program     extern D:\Razvoj\MCU\MicrochipPIC\BMS_Kristjan\BMS_MASTER_6S-master\Software\libs\BSW_CAN.c
                 FXD1616U   0x001944    program     extern C:\MCC18\src\traditional\math\fxd1616u.c
               GpioConfig   0x0019e8    program     extern D:\Razvoj\MCU\MicrochipPIC\BMS_Kristjan\BMS_MASTER_6S-master\Software\libs\BSW_GPIO.c
     InterruptHandlerHigh   0x0016d8    program     extern D:\Razvoj\MCU\MicrochipPIC\BMS_Kristjan\BMS_MASTER_6S-master\Software\libs\main.c
      InterruptVectorHigh   0x000408    program     extern D:\Razvoj\MCU\MicrochipPIC\BMS_Kristjan\BMS_MASTER_6S-master\Software\libs\main.c
            NaslednjiPort   0x001466    program     extern D:\Razvoj\MCU\MicrochipPIC\BMS_Kristjan\BMS_MASTER_6S-master\Software\libs\APP_ReadBmsSlave.c
               OpenTimer0   0x0018ac    program     extern C:\MCC18\src\pmc_common\Timers\t0open.c
                     RTOS   0x001914    program     extern D:\Razvoj\MCU\MicrochipPIC\BMS_Kristjan\BMS_MASTER_6S-master\Software\libs\RTOS.c
         RTOS_TimerConfig   0x001970    program     extern D:\Razvoj\MCU\MicrochipPIC\BMS_Kristjan\BMS_MASTER_6S-master\Software\libs\BSW_Timers.c
                  ReadADC   0x0019cc    program     extern C:\MCC18\src\pmc_common\ADC\adcread.c
              RegsToCANID   0x000864    program     static D:\Razvoj\MCU\MicrochipPIC\BMS_Kristjan\BMS_MASTER_6S-master\Software\libs\BSW_CAN.c
           SelChanConvADC   0x0018e4    program     extern C:\MCC18\src\pmc_common\ADC\adcselchconv.c
                   T16bit   0x001580    program     extern D:\Razvoj\MCU\MicrochipPIC\BMS_Kristjan\BMS_MASTER_6S-master\Software\libs\APP_ReadTemperature.c
                      TdC   0x0012b0    program     extern D:\Razvoj\MCU\MicrochipPIC\BMS_Kristjan\BMS_MASTER_6S-master\Software\libs\APP_ReadTemperature.c
                     Test   0x000406    program     extern D:\Razvoj\MCU\MicrochipPIC\BMS_Kristjan\BMS_MASTER_6S-master\Software\libs\APP_Settings.c
              WriteTimer0   0x001874    program     extern C:\MCC18\src\pmc_common\Timers\t0write.c
         ___else_lbl00032   0x000b82    program     static                          
         ___else_lbl00034   0x000b74    program     static                          
         ___else_lbl00036   0x000b64    program     static                          
         ___else_lbl00038   0x000bc8    program     static                          
          ___for_lbl00040   0x000c5a    program     static                          
          ___for_lbl00041   0x000c5e    program     static                          
          ___for_lbl00042   0x000c18    program     static                          
           ___if_lbl00031   0x000b86    program     static                          
           ___if_lbl00033   0x000b86    program     static                          
           ___if_lbl00035   0x000b86    program     static                          
           ___if_lbl00037   0x000bf8    program     static                          
           ___if_lbl00039   0x000c04    program     static                          
       ___return_lbl00000   0x000004    program     static                          
       ___return_lbl00000   0x0016d6    program     static                          
       ___return_lbl00000   0x00196e    program     static                          
       ___return_lbl00001   0x0019ca    program     static                          
       ___return_lbl00002   0x001872    program     static                          
       ___return_lbl00003   0x00040c    program     static                          
       ___return_lbl00030   0x000c68    program     static                          
        ___while_lbl00001   0x0016ce    program     static                          
        ___while_lbl00002   0x0016d6    program     static                          
                   __init   0x000404    program     extern C:\MCC18\src\traditional\stdclib\__init.c
               __string_1   0x0019de    program     static D:\Razvoj\MCU\MicrochipPIC\BMS_Kristjan\BMS_MASTER_6S-master\Software\libs\BSW_SoftUART.c
            __zero_memory   0x001990    program     extern C:\MCC18\src\traditional\proc\p18F4580.asm
                _do_cinit   0x0017d6    program     extern C:\MCC18\src\traditional\startup\c018i.c
                   _entry   0x000000    program     extern C:\MCC18\src\traditional\startup\c018i.c
                 _startup   0x0019b0    program     extern C:\MCC18\src\traditional\startup\c018i.c
                compare_l   0x0019a6    program     static C:\MCC18\src\traditional\proc\p18F4580.asm
                copy_loop   0x001848    program     static                          
            copy_one_byte   0x00184e    program     static                          
                     done   0x001872    program     static                          
             done_copying   0x00185c    program     static                          
                  endloop   0x00196a    program     static                          
        get_rx_pin_status   0x000038    program     extern D:\Razvoj\MCU\MicrochipPIC\BMS_Kristjan\BMS_MASTER_6S-master\Software\libs\BSW_SoftUART.c
             hexCharToInt   0x001218    program     extern D:\Razvoj\MCU\MicrochipPIC\BMS_Kristjan\BMS_MASTER_6S-master\Software\libs\APP_AuxFunctions.c
                 hexToInt   0x00110c    program     extern D:\Razvoj\MCU\MicrochipPIC\BMS_Kristjan\BMS_MASTER_6S-master\Software\libs\APP_AuxFunctions.c
                     idle   0x000224    program     static D:\Razvoj\MCU\MicrochipPIC\BMS_Kristjan\BMS_MASTER_6S-master\Software\libs\BSW_SoftUART.c
        interruptCAllback   0x0000ae    program     extern D:\Razvoj\MCU\MicrochipPIC\BMS_Kristjan\BMS_MASTER_6S-master\Software\libs\BSW_SoftUART.c
                  io_init   0x00019a    program     static D:\Razvoj\MCU\MicrochipPIC\BMS_Kristjan\BMS_MASTER_6S-master\Software\libs\BSW_SoftUART.c
                     loop   0x0019c0    program     static                          
                     loop   0x00194e    program     static                          
                   loop_h   0x00199e    program     static C:\MCC18\src\traditional\proc\p18F4580.asm
                   loop_l   0x0019a8    program     static C:\MCC18\src\traditional\proc\p18F4580.asm
                     main   0x0016c0    program     extern D:\Razvoj\MCU\MicrochipPIC\BMS_Kristjan\BMS_MASTER_6S-master\Software\libs\main.c
      processReceivedByte   0x001492    program     extern D:\Razvoj\MCU\MicrochipPIC\BMS_Kristjan\BMS_MASTER_6S-master\Software\libs\APP_ReadBmsSlave.c
            readBmsSlaves   0x00143a    program     extern D:\Razvoj\MCU\MicrochipPIC\BMS_Kristjan\BMS_MASTER_6S-master\Software\libs\APP_ReadBmsSlave.c
            sendBmsStatus   0x000ef8    program     extern D:\Razvoj\MCU\MicrochipPIC\BMS_Kristjan\BMS_MASTER_6S-master\Software\libs\APP_SendBmsData.c
  sendCellBalancingStatus   0x000fb4    program     extern D:\Razvoj\MCU\MicrochipPIC\BMS_Kristjan\BMS_MASTER_6S-master\Software\libs\APP_SendBmsData.c
     sendCellMaxBalancing   0x00100a    program     extern D:\Razvoj\MCU\MicrochipPIC\BMS_Kristjan\BMS_MASTER_6S-master\Software\libs\APP_SendBmsData.c
       sendCellMaxVoltage   0x001060    program     extern D:\Razvoj\MCU\MicrochipPIC\BMS_Kristjan\BMS_MASTER_6S-master\Software\libs\APP_SendBmsData.c
       sendCellMinVoltage   0x0010b6    program     extern D:\Razvoj\MCU\MicrochipPIC\BMS_Kristjan\BMS_MASTER_6S-master\Software\libs\APP_SendBmsData.c
         sendCellVoltages   0x000f5e    program     extern D:\Razvoj\MCU\MicrochipPIC\BMS_Kristjan\BMS_MASTER_6S-master\Software\libs\APP_SendBmsData.c
softuart_flush_input_buffer   0x000284    program     extern D:\Razvoj\MCU\MicrochipPIC\BMS_Kristjan\BMS_MASTER_6S-master\Software\libs\BSW_SoftUART.c
         softuart_getchar   0x000234    program     extern D:\Razvoj\MCU\MicrochipPIC\BMS_Kristjan\BMS_MASTER_6S-master\Software\libs\BSW_SoftUART.c
            softuart_init   0x0001b4    program     extern D:\Razvoj\MCU\MicrochipPIC\BMS_Kristjan\BMS_MASTER_6S-master\Software\libs\BSW_SoftUART.c
           softuart_kbhit   0x000272    program     extern D:\Razvoj\MCU\MicrochipPIC\BMS_Kristjan\BMS_MASTER_6S-master\Software\libs\BSW_SoftUART.c
         softuart_putchar   0x00029c    program     extern D:\Razvoj\MCU\MicrochipPIC\BMS_Kristjan\BMS_MASTER_6S-master\Software\libs\BSW_SoftUART.c
            softuart_puts   0x0002d6    program     extern D:\Razvoj\MCU\MicrochipPIC\BMS_Kristjan\BMS_MASTER_6S-master\Software\libs\BSW_SoftUART.c
          softuart_puts_p   0x000312    program     extern D:\Razvoj\MCU\MicrochipPIC\BMS_Kristjan\BMS_MASTER_6S-master\Software\libs\BSW_SoftUART.c
   softuart_transmit_busy   0x00028c    program     extern D:\Razvoj\MCU\MicrochipPIC\BMS_Kristjan\BMS_MASTER_6S-master\Software\libs\BSW_SoftUART.c
     softuart_turn_rx_off   0x00022c    program     extern D:\Razvoj\MCU\MicrochipPIC\BMS_Kristjan\BMS_MASTER_6S-master\Software\libs\BSW_SoftUART.c
      softuart_turn_rx_on   0x000226    program     extern D:\Razvoj\MCU\MicrochipPIC\BMS_Kristjan\BMS_MASTER_6S-master\Software\libs\BSW_SoftUART.c
                     test   0x0017f0    program     static                          
               zero_block   0x00199e    program     static C:\MCC18\src\traditional\proc\p18F4580.asm
                   ADCON0   0x000fc2       data     extern C:\MCC18\src\traditional\proc\p18F4580.asm
               ADCON0bits   0x000fc2       data     extern C:\MCC18\src\traditional\proc\p18F4580.asm
                   ADCON1   0x000fc1       data     extern C:\MCC18\src\traditional\proc\p18F4580.asm
               ADCON1bits   0x000fc1       data     extern C:\MCC18\src\traditional\proc\p18F4580.asm
                   ADCON2   0x000fc0       data     extern C:\MCC18\src\traditional\proc\p18F4580.asm
               ADCON2bits   0x000fc0       data     extern C:\MCC18\src\traditional\proc\p18F4580.asm
            ADC_ChanelCnt   0x0000f3       data     extern D:\Razvoj\MCU\MicrochipPIC\BMS_Kristjan\BMS_MASTER_6S-master\Software\libs\BSW_ReadADC.c
              ADC_Chanels   0x0000ef       data     extern D:\Razvoj\MCU\MicrochipPIC\BMS_Kristjan\BMS_MASTER_6S-master\Software\libs\BSW_ReadADC.c
                   ADC_OK   0x0000f5       data     extern D:\Razvoj\MCU\MicrochipPIC\BMS_Kristjan\BMS_MASTER_6S-master\Software\libs\BSW_ReadADC.c
            ADC_SampleCnt   0x0000f4       data     extern D:\Razvoj\MCU\MicrochipPIC\BMS_Kristjan\BMS_MASTER_6S-master\Software\libs\BSW_ReadADC.c
               ADC_result   0x0000c1       data     extern D:\Razvoj\MCU\MicrochipPIC\BMS_Kristjan\BMS_MASTER_6S-master\Software\libs\BSW_ReadADC.c
               ADC_sample   0x0000c9       data     extern D:\Razvoj\MCU\MicrochipPIC\BMS_Kristjan\BMS_MASTER_6S-master\Software\libs\BSW_ReadADC.c
                    ADRES   0x000fc3       data     extern C:\MCC18\src\traditional\proc\p18F4580.asm
                   ADRESH   0x000fc4       data     extern C:\MCC18\src\traditional\proc\p18F4580.asm
                   ADRESL   0x000fc3       data     extern C:\MCC18\src\traditional\proc\p18F4580.asm
                    B0CON   0x000e20       data     extern C:\MCC18\src\traditional\proc\p18F4580.asm
                B0CONbits   0x000e20       data     extern C:\MCC18\src\traditional\proc\p18F4580.asm
                     B0D0   0x000e26       data     extern C:\MCC18\src\traditional\proc\p18F4580.asm
                 B0D0bits   0x000e26       data     extern C:\MCC18\src\traditional\proc\p18F4580.asm
                     B0D1   0x000e27       data     extern C:\MCC18\src\traditional\proc\p18F4580.asm
                 B0D1bits   0x000e27       data     extern C:\MCC18\src\traditional\proc\p18F4580.asm
                     B0D2   0x000e28       data     extern C:\MCC18\src\traditional\proc\p18F4580.asm
                 B0D2bits   0x000e28       data     extern C:\MCC18\src\traditional\proc\p18F4580.asm
                     B0D3   0x000e29       data     extern C:\MCC18\src\traditional\proc\p18F4580.asm
                 B0D3bits   0x000e29       data     extern C:\MCC18\src\traditional\proc\p18F4580.asm
                     B0D4   0x000e2a       data     extern C:\MCC18\src\traditional\proc\p18F4580.asm
                 B0D4bits   0x000e2a       data     extern C:\MCC18\src\traditional\proc\p18F4580.asm
                     B0D5   0x000e2b       data     extern C:\MCC18\src\traditional\proc\p18F4580.asm
                 B0D5bits   0x000e2b       data     extern C:\MCC18\src\traditional\proc\p18F4580.asm
                     B0D6   0x000e2c       data     extern C:\MCC18\src\traditional\proc\p18F4580.asm
                 B0D6bits   0x000e2c       data     extern C:\MCC18\src\traditional\proc\p18F4580.asm
                     B0D7   0x000e2d       data     extern C:\MCC18\src\traditional\proc\p18F4580.asm
                 B0D7bits   0x000e2d       data     extern C:\MCC18\src\traditional\proc\p18F4580.asm
                    B0DLC   0x000e25       data     extern C:\MCC18\src\traditional\proc\p18F4580.asm
                B0DLCbits   0x000e25       data     extern C:\MCC18\src\traditional\proc\p18F4580.asm
                   B0EIDH   0x000e23       data     extern C:\MCC18\src\traditional\proc\p18F4580.asm
               B0EIDHbits   0x000e23       data     extern C:\MCC18\src\traditional\proc\p18F4580.asm
                   B0EIDL   0x000e24       data     extern C:\MCC18\src\traditional\proc\p18F4580.asm
               B0EIDLbits   0x000e24       data     extern C:\MCC18\src\traditional\proc\p18F4580.asm
                   B0SIDH   0x000e21       data     extern C:\MCC18\src\traditional\proc\p18F4580.asm
               B0SIDHbits   0x000e21       data     extern C:\MCC18\src\traditional\proc\p18F4580.asm
                   B0SIDL   0x000e22       data     extern C:\MCC18\src\traditional\proc\p18F4580.asm
               B0SIDLbits   0x000e22       data     extern C:\MCC18\src\traditional\proc\p18F4580.asm
                    B1CON   0x000e30       data     extern C:\MCC18\src\traditional\proc\p18F4580.asm
                B1CONbits   0x000e30       data     extern C:\MCC18\src\traditional\proc\p18F4580.asm
                     B1D0   0x000e36       data     extern C:\MCC18\src\traditional\proc\p18F4580.asm
                 B1D0bits   0x000e36       data     extern C:\MCC18\src\traditional\proc\p18F4580.asm
                     B1D1   0x000e37       data     extern C:\MCC18\src\traditional\proc\p18F4580.asm
                 B1D1bits   0x000e37       data     extern C:\MCC18\src\traditional\proc\p18F4580.asm
                     B1D2   0x000e38       data     extern C:\MCC18\src\traditional\proc\p18F4580.asm
                 B1D2bits   0x000e38       data     extern C:\MCC18\src\traditional\proc\p18F4580.asm
                     B1D3   0x000e39       data     extern C:\MCC18\src\traditional\proc\p18F4580.asm
                 B1D3bits   0x000e39       data     extern C:\MCC18\src\traditional\proc\p18F4580.asm
                     B1D4   0x000e3a       data     extern C:\MCC18\src\traditional\proc\p18F4580.asm
                 B1D4bits   0x000e3a       data     extern C:\MCC18\src\traditional\proc\p18F4580.asm
                     B1D5   0x000e3b       data     extern C:\MCC18\src\traditional\proc\p18F4580.asm
                 B1D5bits   0x000e3b       data     extern C:\MCC18\src\traditional\proc\p18F4580.asm
                     B1D6   0x000e3c       data     extern C:\MCC18\src\traditional\proc\p18F4580.asm
                 B1D6bits   0x000e3c       data     extern C:\MCC18\src\traditional\proc\p18F4580.asm
                     B1D7   0x000e3d       data     extern C:\MCC18\src\traditional\proc\p18F4580.asm
                 B1D7bits   0x000e3d       data     extern C:\MCC18\src\traditional\proc\p18F4580.asm
                    B1DLC   0x000e35       data     extern C:\MCC18\src\traditional\proc\p18F4580.asm
                B1DLCbits   0x000e35       data     extern C:\MCC18\src\traditional\proc\p18F4580.asm
                   B1EIDH   0x000e33       data     extern C:\MCC18\src\traditional\proc\p18F4580.asm
               B1EIDHbits   0x000e33       data     extern C:\MCC18\src\traditional\proc\p18F4580.asm
                   B1EIDL   0x000e34       data     extern C:\MCC18\src\traditional\proc\p18F4580.asm
               B1EIDLbits   0x000e34       data     extern C:\MCC18\src\traditional\proc\p18F4580.asm
                   B1SIDH   0x000e31       data     extern C:\MCC18\src\traditional\proc\p18F4580.asm
               B1SIDHbits   0x000e31       data     extern C:\MCC18\src\traditional\proc\p18F4580.asm
                   B1SIDL   0x000e32       data     extern C:\MCC18\src\traditional\proc\p18F4580.asm
               B1SIDLbits   0x000e32       data     extern C:\MCC18\src\traditional\proc\p18F4580.asm
                    B2CON   0x000e40       data     extern C:\MCC18\src\traditional\proc\p18F4580.asm
                B2CONbits   0x000e40       data     extern C:\MCC18\src\traditional\proc\p18F4580.asm
                     B2D0   0x000e46       data     extern C:\MCC18\src\traditional\proc\p18F4580.asm
                 B2D0bits   0x000e46       data     extern C:\MCC18\src\traditional\proc\p18F4580.asm
                     B2D1   0x000e47       data     extern C:\MCC18\src\traditional\proc\p18F4580.asm
                 B2D1bits   0x000e47       data     extern C:\MCC18\src\traditional\proc\p18F4580.asm
                     B2D2   0x000e48       data     extern C:\MCC18\src\traditional\proc\p18F4580.asm
                 B2D2bits   0x000e48       data     extern C:\MCC18\src\traditional\proc\p18F4580.asm
                     B2D3   0x000e49       data     extern C:\MCC18\src\traditional\proc\p18F4580.asm
                 B2D3bits   0x000e49       data     extern C:\MCC18\src\traditional\proc\p18F4580.asm
                     B2D4   0x000e4a       data     extern C:\MCC18\src\traditional\proc\p18F4580.asm
                 B2D4bits   0x000e4a       data     extern C:\MCC18\src\traditional\proc\p18F4580.asm
                     B2D5   0x000e4b       data     extern C:\MCC18\src\traditional\proc\p18F4580.asm
                 B2D5bits   0x000e4b       data     extern C:\MCC18\src\traditional\proc\p18F4580.asm
                     B2D6   0x000e4c       data     extern C:\MCC18\src\traditional\proc\p18F4580.asm
                 B2D6bits   0x000e4c       data     extern C:\MCC18\src\traditional\proc\p18F4580.asm
                     B2D7   0x000e4d       data     extern C:\MCC18\src\traditional\proc\p18F4580.asm
                 B2D7bits   0x000e4d       data     extern C:\MCC18\src\traditional\proc\p18F4580.asm
                    B2DLC   0x000e45       data     extern C:\MCC18\src\traditional\proc\p18F4580.asm
                B2DLCbits   0x000e45       data     extern C:\MCC18\src\traditional\proc\p18F4580.asm
                   B2EIDH   0x000e43       data     extern C:\MCC18\src\traditional\proc\p18F4580.asm
               B2EIDHbits   0x000e43       data     extern C:\MCC18\src\traditional\proc\p18F4580.asm
                   B2EIDL   0x000e44       data     extern C:\MCC18\src\traditional\proc\p18F4580.asm
               B2EIDLbits   0x000e44       data     extern C:\MCC18\src\traditional\proc\p18F4580.asm
                   B2SIDH   0x000e41       data     extern C:\MCC18\src\traditional\proc\p18F4580.asm
               B2SIDHbits   0x000e41       data     extern C:\MCC18\src\traditional\proc\p18F4580.asm
                   B2SIDL   0x000e42       data     extern C:\MCC18\src\traditional\proc\p18F4580.asm
               B2SIDLbits   0x000e42       data     extern C:\MCC18\src\traditional\proc\p18F4580.asm
                    B3CON   0x000e50       data     extern C:\MCC18\src\traditional\proc\p18F4580.asm
                B3CONbits   0x000e50       data     extern C:\MCC18\src\traditional\proc\p18F4580.asm
                     B3D0   0x000e56       data     extern C:\MCC18\src\traditional\proc\p18F4580.asm
                 B3D0bits   0x000e56       data     extern C:\MCC18\src\traditional\proc\p18F4580.asm
                     B3D1   0x000e57       data     extern C:\MCC18\src\traditional\proc\p18F4580.asm
                 B3D1bits   0x000e57       data     extern C:\MCC18\src\traditional\proc\p18F4580.asm
                     B3D2   0x000e58       data     extern C:\MCC18\src\traditional\proc\p18F4580.asm
                 B3D2bits   0x000e58       data     extern C:\MCC18\src\traditional\proc\p18F4580.asm
                     B3D3   0x000e59       data     extern C:\MCC18\src\traditional\proc\p18F4580.asm
                 B3D3bits   0x000e59       data     extern C:\MCC18\src\traditional\proc\p18F4580.asm
                     B3D4   0x000e5a       data     extern C:\MCC18\src\traditional\proc\p18F4580.asm
                 B3D4bits   0x000e5a       data     extern C:\MCC18\src\traditional\proc\p18F4580.asm
                     B3D5   0x000e5b       data     extern C:\MCC18\src\traditional\proc\p18F4580.asm
                 B3D5bits   0x000e5b       data     extern C:\MCC18\src\traditional\proc\p18F4580.asm
                     B3D6   0x000e5c       data     extern C:\MCC18\src\traditional\proc\p18F4580.asm
                 B3D6bits   0x000e5c       data     extern C:\MCC18\src\traditional\proc\p18F4580.asm
                     B3D7   0x000e5d       data     extern C:\MCC18\src\traditional\proc\p18F4580.asm
                 B3D7bits   0x000e5d       data     extern C:\MCC18\src\traditional\proc\p18F4580.asm
                    B3DLC   0x000e55       data     extern C:\MCC18\src\traditional\proc\p18F4580.asm
                B3DLCbits   0x000e55       data     extern C:\MCC18\src\traditional\proc\p18F4580.asm
                   B3EIDH   0x000e53       data     extern C:\MCC18\src\traditional\proc\p18F4580.asm
               B3EIDHbits   0x000e53       data     extern C:\MCC18\src\traditional\proc\p18F4580.asm
                   B3EIDL   0x000e54       data     extern C:\MCC18\src\traditional\proc\p18F4580.asm
               B3EIDLbits   0x000e54       data     extern C:\MCC18\src\traditional\proc\p18F4580.asm
                   B3SIDH   0x000e51       data     extern C:\MCC18\src\traditional\proc\p18F4580.asm
               B3SIDHbits   0x000e51       data     extern C:\MCC18\src\traditional\proc\p18F4580.asm
                   B3SIDL   0x000e52       data     extern C:\MCC18\src\traditional\proc\p18F4580.asm
               B3SIDLbits   0x000e52       data     extern C:\MCC18\src\traditional\proc\p18F4580.asm
                    B4CON   0x000e60       data     extern C:\MCC18\src\traditional\proc\p18F4580.asm
                B4CONbits   0x000e60       data     extern C:\MCC18\src\traditional\proc\p18F4580.asm
                     B4D0   0x000e66       data     extern C:\MCC18\src\traditional\proc\p18F4580.asm
                 B4D0bits   0x000e66       data     extern C:\MCC18\src\traditional\proc\p18F4580.asm
                     B4D1   0x000e67       data     extern C:\MCC18\src\traditional\proc\p18F4580.asm
                 B4D1bits   0x000e67       data     extern C:\MCC18\src\traditional\proc\p18F4580.asm
                     B4D2   0x000e68       data     extern C:\MCC18\src\traditional\proc\p18F4580.asm
                 B4D2bits   0x000e68       data     extern C:\MCC18\src\traditional\proc\p18F4580.asm
                     B4D3   0x000e69       data     extern C:\MCC18\src\traditional\proc\p18F4580.asm
                 B4D3bits   0x000e69       data     extern C:\MCC18\src\traditional\proc\p18F4580.asm
                     B4D4   0x000e6a       data     extern C:\MCC18\src\traditional\proc\p18F4580.asm
                 B4D4bits   0x000e6a       data     extern C:\MCC18\src\traditional\proc\p18F4580.asm
                     B4D5   0x000e6b       data     extern C:\MCC18\src\traditional\proc\p18F4580.asm
                 B4D5bits   0x000e6b       data     extern C:\MCC18\src\traditional\proc\p18F4580.asm
                     B4D6   0x000e6c       data     extern C:\MCC18\src\traditional\proc\p18F4580.asm
                 B4D6bits   0x000e6c       data     extern C:\MCC18\src\traditional\proc\p18F4580.asm
                     B4D7   0x000e6d       data     extern C:\MCC18\src\traditional\proc\p18F4580.asm
                 B4D7bits   0x000e6d       data     extern C:\MCC18\src\traditional\proc\p18F4580.asm
                    B4DLC   0x000e65       data     extern C:\MCC18\src\traditional\proc\p18F4580.asm
                B4DLCbits   0x000e65       data     extern C:\MCC18\src\traditional\proc\p18F4580.asm
                   B4EIDH   0x000e63       data     extern C:\MCC18\src\traditional\proc\p18F4580.asm
               B4EIDHbits   0x000e63       data     extern C:\MCC18\src\traditional\proc\p18F4580.asm
                   B4EIDL   0x000e64       data     extern C:\MCC18\src\traditional\proc\p18F4580.asm
               B4EIDLbits   0x000e64       data     extern C:\MCC18\src\traditional\proc\p18F4580.asm
                   B4SIDH   0x000e61       data     extern C:\MCC18\src\traditional\proc\p18F4580.asm
               B4SIDHbits   0x000e61       data     extern C:\MCC18\src\traditional\proc\p18F4580.asm
                   B4SIDL   0x000e62       data     extern C:\MCC18\src\traditional\proc\p18F4580.asm
               B4SIDLbits   0x000e62       data     extern C:\MCC18\src\traditional\proc\p18F4580.asm
                    B5CON   0x000e70       data     extern C:\MCC18\src\traditional\proc\p18F4580.asm
                B5CONbits   0x000e70       data     extern C:\MCC18\src\traditional\proc\p18F4580.asm
                     B5D0   0x000e76       data     extern C:\MCC18\src\traditional\proc\p18F4580.asm
                 B5D0bits   0x000e76       data     extern C:\MCC18\src\traditional\proc\p18F4580.asm
                     B5D1   0x000e77       data     extern C:\MCC18\src\traditional\proc\p18F4580.asm
                 B5D1bits   0x000e77       data     extern C:\MCC18\src\traditional\proc\p18F4580.asm
                     B5D2   0x000e78       data     extern C:\MCC18\src\traditional\proc\p18F4580.asm
                 B5D2bits   0x000e78       data     extern C:\MCC18\src\traditional\proc\p18F4580.asm
                     B5D3   0x000e79       data     extern C:\MCC18\src\traditional\proc\p18F4580.asm
                 B5D3bits   0x000e79       data     extern C:\MCC18\src\traditional\proc\p18F4580.asm
                     B5D4   0x000e7a       data     extern C:\MCC18\src\traditional\proc\p18F4580.asm
                 B5D4bits   0x000e7a       data     extern C:\MCC18\src\traditional\proc\p18F4580.asm
                     B5D5   0x000e7b       data     extern C:\MCC18\src\traditional\proc\p18F4580.asm
                 B5D5bits   0x000e7b       data     extern C:\MCC18\src\traditional\proc\p18F4580.asm
                     B5D6   0x000e7c       data     extern C:\MCC18\src\traditional\proc\p18F4580.asm
                 B5D6bits   0x000e7c       data     extern C:\MCC18\src\traditional\proc\p18F4580.asm
                     B5D7   0x000e7d       data     extern C:\MCC18\src\traditional\proc\p18F4580.asm
                 B5D7bits   0x000e7d       data     extern C:\MCC18\src\traditional\proc\p18F4580.asm
                    B5DLC   0x000e75       data     extern C:\MCC18\src\traditional\proc\p18F4580.asm
                B5DLCbits   0x000e75       data     extern C:\MCC18\src\traditional\proc\p18F4580.asm
                   B5EIDH   0x000e73       data     extern C:\MCC18\src\traditional\proc\p18F4580.asm
               B5EIDHbits   0x000e73       data     extern C:\MCC18\src\traditional\proc\p18F4580.asm
                   B5EIDL   0x000e74       data     extern C:\MCC18\src\traditional\proc\p18F4580.asm
               B5EIDLbits   0x000e74       data     extern C:\MCC18\src\traditional\proc\p18F4580.asm
                   B5SIDH   0x000e71       data     extern C:\MCC18\src\traditional\proc\p18F4580.asm
               B5SIDHbits   0x000e71       data     extern C:\MCC18\src\traditional\proc\p18F4580.asm
                   B5SIDL   0x000e72       data     extern C:\MCC18\src\traditional\proc\p18F4580.asm
               B5SIDLbits   0x000e72       data     extern C:\MCC18\src\traditional\proc\p18F4580.asm
                  BAUDCON   0x000fb8       data     extern C:\MCC18\src\traditional\proc\p18F4580.asm
              BAUDCONbits   0x000fb8       data     extern C:\MCC18\src\traditional\proc\p18F4580.asm
                     BIE0   0x000dfa       data     extern C:\MCC18\src\traditional\proc\p18F4580.asm
                 BIE0bits   0x000dfa       data     extern C:\MCC18\src\traditional\proc\p18F4580.asm
                  BRGCON1   0x000f70       data     extern C:\MCC18\src\traditional\proc\p18F4580.asm
              BRGCON1bits   0x000f70       data     extern C:\MCC18\src\traditional\proc\p18F4580.asm
                  BRGCON2   0x000f71       data     extern C:\MCC18\src\traditional\proc\p18F4580.asm
              BRGCON2bits   0x000f71       data     extern C:\MCC18\src\traditional\proc\p18F4580.asm
                  BRGCON3   0x000f72       data     extern C:\MCC18\src\traditional\proc\p18F4580.asm
              BRGCON3bits   0x000f72       data     extern C:\MCC18\src\traditional\proc\p18F4580.asm
                    BSEL0   0x000df8       data     extern C:\MCC18\src\traditional\proc\p18F4580.asm
                BSEL0bits   0x000df8       data     extern C:\MCC18\src\traditional\proc\p18F4580.asm
                      BSR   0x000fe0       data     extern C:\MCC18\src\traditional\proc\p18F4580.asm
                  BatChar   0x000060       data     extern D:\Razvoj\MCU\MicrochipPIC\BMS_Kristjan\BMS_MASTER_6S-master\Software\libs\APP_ReadBmsSlave.c
                    BatNo   0x0000fb       data     extern D:\Razvoj\MCU\MicrochipPIC\BMS_Kristjan\BMS_MASTER_6S-master\Software\libs\APP_ReadBmsSlave.c
             BatteryCells   0x000069       data     extern D:\Razvoj\MCU\MicrochipPIC\BMS_Kristjan\BMS_MASTER_6S-master\Software\libs\APP_ReadBmsSlave.c
                   CANCON   0x000f6f       data     extern C:\MCC18\src\traditional\proc\p18F4580.asm
               CANCON_RO0   0x000f5f       data     extern C:\MCC18\src\traditional\proc\p18F4580.asm
           CANCON_RO0bits   0x000f5f       data     extern C:\MCC18\src\traditional\proc\p18F4580.asm
               CANCON_RO1   0x000f4f       data     extern C:\MCC18\src\traditional\proc\p18F4580.asm
           CANCON_RO1bits   0x000f4f       data     extern C:\MCC18\src\traditional\proc\p18F4580.asm
               CANCON_RO2   0x000f3f       data     extern C:\MCC18\src\traditional\proc\p18F4580.asm
           CANCON_RO2bits   0x000f3f       data     extern C:\MCC18\src\traditional\proc\p18F4580.asm
               CANCON_RO3   0x000f2f       data     extern C:\MCC18\src\traditional\proc\p18F4580.asm
           CANCON_RO3bits   0x000f2f       data     extern C:\MCC18\src\traditional\proc\p18F4580.asm
               CANCON_RO4   0x000e7f       data     extern C:\MCC18\src\traditional\proc\p18F4580.asm
           CANCON_RO4bits   0x000e7f       data     extern C:\MCC18\src\traditional\proc\p18F4580.asm
               CANCON_RO5   0x000e6f       data     extern C:\MCC18\src\traditional\proc\p18F4580.asm
           CANCON_RO5bits   0x000e6f       data     extern C:\MCC18\src\traditional\proc\p18F4580.asm
               CANCON_RO6   0x000e5f       data     extern C:\MCC18\src\traditional\proc\p18F4580.asm
           CANCON_RO6bits   0x000e5f       data     extern C:\MCC18\src\traditional\proc\p18F4580.asm
               CANCON_RO7   0x000e4f       data     extern C:\MCC18\src\traditional\proc\p18F4580.asm
           CANCON_RO7bits   0x000e4f       data     extern C:\MCC18\src\traditional\proc\p18F4580.asm
               CANCON_RO8   0x000e3f       data     extern C:\MCC18\src\traditional\proc\p18F4580.asm
           CANCON_RO8bits   0x000e3f       data     extern C:\MCC18\src\traditional\proc\p18F4580.asm
               CANCON_RO9   0x000e2f       data     extern C:\MCC18\src\traditional\proc\p18F4580.asm
           CANCON_RO9bits   0x000e2f       data     extern C:\MCC18\src\traditional\proc\p18F4580.asm
               CANCONbits   0x000f6f       data     extern C:\MCC18\src\traditional\proc\p18F4580.asm
                  CANSTAT   0x000f6e       data     extern C:\MCC18\src\traditional\proc\p18F4580.asm
              CANSTAT_RO0   0x000f5e       data     extern C:\MCC18\src\traditional\proc\p18F4580.asm
          CANSTAT_RO0bits   0x000f5e       data     extern C:\MCC18\src\traditional\proc\p18F4580.asm
              CANSTAT_RO1   0x000f4e       data     extern C:\MCC18\src\traditional\proc\p18F4580.asm
          CANSTAT_RO1bits   0x000f4e       data     extern C:\MCC18\src\traditional\proc\p18F4580.asm
              CANSTAT_RO2   0x000f3e       data     extern C:\MCC18\src\traditional\proc\p18F4580.asm
          CANSTAT_RO2bits   0x000f3e       data     extern C:\MCC18\src\traditional\proc\p18F4580.asm
              CANSTAT_RO3   0x000f2e       data     extern C:\MCC18\src\traditional\proc\p18F4580.asm
          CANSTAT_RO3bits   0x000f2e       data     extern C:\MCC18\src\traditional\proc\p18F4580.asm
              CANSTAT_RO4   0x000e7e       data     extern C:\MCC18\src\traditional\proc\p18F4580.asm
          CANSTAT_RO4bits   0x000e7e       data     extern C:\MCC18\src\traditional\proc\p18F4580.asm
              CANSTAT_RO5   0x000e6e       data     extern C:\MCC18\src\traditional\proc\p18F4580.asm
          CANSTAT_RO5bits   0x000e6e       data     extern C:\MCC18\src\traditional\proc\p18F4580.asm
              CANSTAT_RO6   0x000e5e       data     extern C:\MCC18\src\traditional\proc\p18F4580.asm
          CANSTAT_RO6bits   0x000e5e       data     extern C:\MCC18\src\traditional\proc\p18F4580.asm
              CANSTAT_RO7   0x000e4e       data     extern C:\MCC18\src\traditional\proc\p18F4580.asm
          CANSTAT_RO7bits   0x000e4e       data     extern C:\MCC18\src\traditional\proc\p18F4580.asm
              CANSTAT_RO8   0x000e3e       data     extern C:\MCC18\src\traditional\proc\p18F4580.asm
          CANSTAT_RO8bits   0x000e3e       data     extern C:\MCC18\src\traditional\proc\p18F4580.asm
              CANSTAT_RO9   0x000e2e       data     extern C:\MCC18\src\traditional\proc\p18F4580.asm
          CANSTAT_RO9bits   0x000e2e       data     extern C:\MCC18\src\traditional\proc\p18F4580.asm
              CANSTATbits   0x000f6e       data     extern C:\MCC18\src\traditional\proc\p18F4580.asm
                 CAN_Data   0x0000d1       data     extern D:\Razvoj\MCU\MicrochipPIC\BMS_Kristjan\BMS_MASTER_6S-master\Software\libs\APP_SendBmsData.c
           CAN_Identifier   0x0000d9       data     extern D:\Razvoj\MCU\MicrochipPIC\BMS_Kristjan\BMS_MASTER_6S-master\Software\libs\APP_SendBmsData.c
                  CCP1CON   0x000fbd       data     extern C:\MCC18\src\traditional\proc\p18F4580.asm
              CCP1CONbits   0x000fbd       data     extern C:\MCC18\src\traditional\proc\p18F4580.asm
                    CCPR1   0x000fbe       data     extern C:\MCC18\src\traditional\proc\p18F4580.asm
                   CCPR1H   0x000fbf       data     extern C:\MCC18\src\traditional\proc\p18F4580.asm
                   CCPR1L   0x000fbe       data     extern C:\MCC18\src\traditional\proc\p18F4580.asm
                   CIOCON   0x000f73       data     extern C:\MCC18\src\traditional\proc\p18F4580.asm
               CIOCONbits   0x000f73       data     extern C:\MCC18\src\traditional\proc\p18F4580.asm
                    CMCON   0x000fb4       data     extern C:\MCC18\src\traditional\proc\p18F4580.asm
                CMCONbits   0x000fb4       data     extern C:\MCC18\src\traditional\proc\p18F4580.asm
                  COMSTAT   0x000f74       data     extern C:\MCC18\src\traditional\proc\p18F4580.asm
              COMSTATbits   0x000f74       data     extern C:\MCC18\src\traditional\proc\p18F4580.asm
                   CVRCON   0x000fb5       data     extern C:\MCC18\src\traditional\proc\p18F4580.asm
               CVRCONbits   0x000fb5       data     extern C:\MCC18\src\traditional\proc\p18F4580.asm
             Cells_status   0x000068       data     extern D:\Razvoj\MCU\MicrochipPIC\BMS_Kristjan\BMS_MASTER_6S-master\Software\libs\APP_ReadBmsSlave.c
                     DDRA   0x000f92       data     extern C:\MCC18\src\traditional\proc\p18F4580.asm
                 DDRAbits   0x000f92       data     extern C:\MCC18\src\traditional\proc\p18F4580.asm
                     DDRB   0x000f93       data     extern C:\MCC18\src\traditional\proc\p18F4580.asm
                 DDRBbits   0x000f93       data     extern C:\MCC18\src\traditional\proc\p18F4580.asm
                     DDRC   0x000f94       data     extern C:\MCC18\src\traditional\proc\p18F4580.asm
                 DDRCbits   0x000f94       data     extern C:\MCC18\src\traditional\proc\p18F4580.asm
                     DDRD   0x000f95       data     extern C:\MCC18\src\traditional\proc\p18F4580.asm
                 DDRDbits   0x000f95       data     extern C:\MCC18\src\traditional\proc\p18F4580.asm
                     DDRE   0x000f96       data     extern C:\MCC18\src\traditional\proc\p18F4580.asm
                 DDREbits   0x000f96       data     extern C:\MCC18\src\traditional\proc\p18F4580.asm
                  ECANCON   0x000f77       data     extern C:\MCC18\src\traditional\proc\p18F4580.asm
              ECANCONbits   0x000f77       data     extern C:\MCC18\src\traditional\proc\p18F4580.asm
                  ECCP1AS   0x000fb6       data     extern C:\MCC18\src\traditional\proc\p18F4580.asm
              ECCP1ASbits   0x000fb6       data     extern C:\MCC18\src\traditional\proc\p18F4580.asm
                 ECCP1CON   0x000fba       data     extern C:\MCC18\src\traditional\proc\p18F4580.asm
             ECCP1CONbits   0x000fba       data     extern C:\MCC18\src\traditional\proc\p18F4580.asm
                 ECCP1DEL   0x000fb7       data     extern C:\MCC18\src\traditional\proc\p18F4580.asm
             ECCP1DELbits   0x000fb7       data     extern C:\MCC18\src\traditional\proc\p18F4580.asm
                   ECCPR1   0x000fbb       data     extern C:\MCC18\src\traditional\proc\p18F4580.asm
                  ECCPR1H   0x000fbc       data     extern C:\MCC18\src\traditional\proc\p18F4580.asm
                  ECCPR1L   0x000fbb       data     extern C:\MCC18\src\traditional\proc\p18F4580.asm
                    EEADR   0x000fa9       data     extern C:\MCC18\src\traditional\proc\p18F4580.asm
                   EECON1   0x000fa6       data     extern C:\MCC18\src\traditional\proc\p18F4580.asm
               EECON1bits   0x000fa6       data     extern C:\MCC18\src\traditional\proc\p18F4580.asm
                   EECON2   0x000fa7       data     extern C:\MCC18\src\traditional\proc\p18F4580.asm
                   EEDATA   0x000fa8       data     extern C:\MCC18\src\traditional\proc\p18F4580.asm
                     FSR0   0x000fe9       data     extern C:\MCC18\src\traditional\proc\p18F4580.asm
                    FSR0H   0x000fea       data     extern C:\MCC18\src\traditional\proc\p18F4580.asm
                    FSR0L   0x000fe9       data     extern C:\MCC18\src\traditional\proc\p18F4580.asm
                     FSR1   0x000fe1       data     extern C:\MCC18\src\traditional\proc\p18F4580.asm
                    FSR1H   0x000fe2       data     extern C:\MCC18\src\traditional\proc\p18F4580.asm
                    FSR1L   0x000fe1       data     extern C:\MCC18\src\traditional\proc\p18F4580.asm
                     FSR2   0x000fd9       data     extern C:\MCC18\src\traditional\proc\p18F4580.asm
                    FSR2H   0x000fda       data     extern C:\MCC18\src\traditional\proc\p18F4580.asm
                    FSR2L   0x000fd9       data     extern C:\MCC18\src\traditional\proc\p18F4580.asm
                  HLVDCON   0x000fd2       data     extern C:\MCC18\src\traditional\proc\p18F4580.asm
              HLVDCONbits   0x000fd2       data     extern C:\MCC18\src\traditional\proc\p18F4580.asm
                    INDF0   0x000fef       data     extern C:\MCC18\src\traditional\proc\p18F4580.asm
                    INDF1   0x000fe7       data     extern C:\MCC18\src\traditional\proc\p18F4580.asm
                    INDF2   0x000fdf       data     extern C:\MCC18\src\traditional\proc\p18F4580.asm
                   INTCON   0x000ff2       data     extern C:\MCC18\src\traditional\proc\p18F4580.asm
                  INTCON2   0x000ff1       data     extern C:\MCC18\src\traditional\proc\p18F4580.asm
              INTCON2bits   0x000ff1       data     extern C:\MCC18\src\traditional\proc\p18F4580.asm
                  INTCON3   0x000ff0       data     extern C:\MCC18\src\traditional\proc\p18F4580.asm
              INTCON3bits   0x000ff0       data     extern C:\MCC18\src\traditional\proc\p18F4580.asm
               INTCONbits   0x000ff2       data     extern C:\MCC18\src\traditional\proc\p18F4580.asm
                     IPR1   0x000f9f       data     extern C:\MCC18\src\traditional\proc\p18F4580.asm
                 IPR1bits   0x000f9f       data     extern C:\MCC18\src\traditional\proc\p18F4580.asm
                     IPR2   0x000fa2       data     extern C:\MCC18\src\traditional\proc\p18F4580.asm
                 IPR2bits   0x000fa2       data     extern C:\MCC18\src\traditional\proc\p18F4580.asm
                     IPR3   0x000fa5       data     extern C:\MCC18\src\traditional\proc\p18F4580.asm
                 IPR3bits   0x000fa5       data     extern C:\MCC18\src\traditional\proc\p18F4580.asm
                     LATA   0x000f89       data     extern C:\MCC18\src\traditional\proc\p18F4580.asm
                 LATAbits   0x000f89       data     extern C:\MCC18\src\traditional\proc\p18F4580.asm
                     LATB   0x000f8a       data     extern C:\MCC18\src\traditional\proc\p18F4580.asm
                 LATBbits   0x000f8a       data     extern C:\MCC18\src\traditional\proc\p18F4580.asm
                     LATC   0x000f8b       data     extern C:\MCC18\src\traditional\proc\p18F4580.asm
                 LATCbits   0x000f8b       data     extern C:\MCC18\src\traditional\proc\p18F4580.asm
                     LATD   0x000f8c       data     extern C:\MCC18\src\traditional\proc\p18F4580.asm
                 LATDbits   0x000f8c       data     extern C:\MCC18\src\traditional\proc\p18F4580.asm
                     LATE   0x000f8d       data     extern C:\MCC18\src\traditional\proc\p18F4580.asm
                 LATEbits   0x000f8d       data     extern C:\MCC18\src\traditional\proc\p18F4580.asm
                   LVDCON   0x000fd2       data     extern C:\MCC18\src\traditional\proc\p18F4580.asm
               LVDCONbits   0x000fd2       data     extern C:\MCC18\src\traditional\proc\p18F4580.asm
                    MSEL0   0x000df0       data     extern C:\MCC18\src\traditional\proc\p18F4580.asm
                MSEL0bits   0x000df0       data     extern C:\MCC18\src\traditional\proc\p18F4580.asm
                    MSEL1   0x000df1       data     extern C:\MCC18\src\traditional\proc\p18F4580.asm
                MSEL1bits   0x000df1       data     extern C:\MCC18\src\traditional\proc\p18F4580.asm
                    MSEL2   0x000df2       data     extern C:\MCC18\src\traditional\proc\p18F4580.asm
                MSEL2bits   0x000df2       data     extern C:\MCC18\src\traditional\proc\p18F4580.asm
                    MSEL3   0x000df3       data     extern C:\MCC18\src\traditional\proc\p18F4580.asm
                MSEL3bits   0x000df3       data     extern C:\MCC18\src\traditional\proc\p18F4580.asm
                   OSCCON   0x000fd3       data     extern C:\MCC18\src\traditional\proc\p18F4580.asm
               OSCCONbits   0x000fd3       data     extern C:\MCC18\src\traditional\proc\p18F4580.asm
                  OSCTUNE   0x000f9b       data     extern C:\MCC18\src\traditional\proc\p18F4580.asm
              OSCTUNEbits   0x000f9b       data     extern C:\MCC18\src\traditional\proc\p18F4580.asm
                       PC   0x000ff9       data     extern C:\MCC18\src\traditional\proc\p18F4580.asm
                      PCL   0x000ff9       data     extern C:\MCC18\src\traditional\proc\p18F4580.asm
                   PCLATH   0x000ffa       data     extern C:\MCC18\src\traditional\proc\p18F4580.asm
                   PCLATU   0x000ffb       data     extern C:\MCC18\src\traditional\proc\p18F4580.asm
                     PIE1   0x000f9d       data     extern C:\MCC18\src\traditional\proc\p18F4580.asm
                 PIE1bits   0x000f9d       data     extern C:\MCC18\src\traditional\proc\p18F4580.asm
                     PIE2   0x000fa0       data     extern C:\MCC18\src\traditional\proc\p18F4580.asm
                 PIE2bits   0x000fa0       data     extern C:\MCC18\src\traditional\proc\p18F4580.asm
                     PIE3   0x000fa3       data     extern C:\MCC18\src\traditional\proc\p18F4580.asm
                 PIE3bits   0x000fa3       data     extern C:\MCC18\src\traditional\proc\p18F4580.asm
                     PIR1   0x000f9e       data     extern C:\MCC18\src\traditional\proc\p18F4580.asm
                 PIR1bits   0x000f9e       data     extern C:\MCC18\src\traditional\proc\p18F4580.asm
                     PIR2   0x000fa1       data     extern C:\MCC18\src\traditional\proc\p18F4580.asm
                 PIR2bits   0x000fa1       data     extern C:\MCC18\src\traditional\proc\p18F4580.asm
                     PIR3   0x000fa4       data     extern C:\MCC18\src\traditional\proc\p18F4580.asm
                 PIR3bits   0x000fa4       data     extern C:\MCC18\src\traditional\proc\p18F4580.asm
                   PLUSW0   0x000feb       data     extern C:\MCC18\src\traditional\proc\p18F4580.asm
                   PLUSW1   0x000fe3       data     extern C:\MCC18\src\traditional\proc\p18F4580.asm
                   PLUSW2   0x000fdb       data     extern C:\MCC18\src\traditional\proc\p18F4580.asm
                    PORTA   0x000f80       data     extern C:\MCC18\src\traditional\proc\p18F4580.asm
                PORTAbits   0x000f80       data     extern C:\MCC18\src\traditional\proc\p18F4580.asm
                    PORTB   0x000f81       data     extern C:\MCC18\src\traditional\proc\p18F4580.asm
                PORTBbits   0x000f81       data     extern C:\MCC18\src\traditional\proc\p18F4580.asm
                    PORTC   0x000f82       data     extern C:\MCC18\src\traditional\proc\p18F4580.asm
                PORTCbits   0x000f82       data     extern C:\MCC18\src\traditional\proc\p18F4580.asm
                    PORTD   0x000f83       data     extern C:\MCC18\src\traditional\proc\p18F4580.asm
                PORTDbits   0x000f83       data     extern C:\MCC18\src\traditional\proc\p18F4580.asm
                    PORTE   0x000f84       data     extern C:\MCC18\src\traditional\proc\p18F4580.asm
                PORTEbits   0x000f84       data     extern C:\MCC18\src\traditional\proc\p18F4580.asm
                 POSTDEC0   0x000fed       data     extern C:\MCC18\src\traditional\proc\p18F4580.asm
                 POSTDEC1   0x000fe5       data     extern C:\MCC18\src\traditional\proc\p18F4580.asm
                 POSTDEC2   0x000fdd       data     extern C:\MCC18\src\traditional\proc\p18F4580.asm
                 POSTINC0   0x000fee       data     extern C:\MCC18\src\traditional\proc\p18F4580.asm
                 POSTINC1   0x000fe6       data     extern C:\MCC18\src\traditional\proc\p18F4580.asm
                 POSTINC2   0x000fde       data     extern C:\MCC18\src\traditional\proc\p18F4580.asm
                      PR2   0x000fcb       data     extern C:\MCC18\src\traditional\proc\p18F4580.asm
                  PREINC0   0x000fec       data     extern C:\MCC18\src\traditional\proc\p18F4580.asm
                  PREINC1   0x000fe4       data     extern C:\MCC18\src\traditional\proc\p18F4580.asm
                  PREINC2   0x000fdc       data     extern C:\MCC18\src\traditional\proc\p18F4580.asm
                     PROD   0x000ff3       data     extern C:\MCC18\src\traditional\proc\p18F4580.asm
                    PRODH   0x000ff4       data     extern C:\MCC18\src\traditional\proc\p18F4580.asm
                    PRODL   0x000ff3       data     extern C:\MCC18\src\traditional\proc\p18F4580.asm
                     RCON   0x000fd0       data     extern C:\MCC18\src\traditional\proc\p18F4580.asm
                 RCONbits   0x000fd0       data     extern C:\MCC18\src\traditional\proc\p18F4580.asm
                    RCREG   0x000fae       data     extern C:\MCC18\src\traditional\proc\p18F4580.asm
                    RCSTA   0x000fab       data     extern C:\MCC18\src\traditional\proc\p18F4580.asm
                RCSTAbits   0x000fab       data     extern C:\MCC18\src\traditional\proc\p18F4580.asm
                  RXB0CON   0x000f60       data     extern C:\MCC18\src\traditional\proc\p18F4580.asm
              RXB0CONbits   0x000f60       data     extern C:\MCC18\src\traditional\proc\p18F4580.asm
                   RXB0D0   0x000f66       data     extern C:\MCC18\src\traditional\proc\p18F4580.asm
               RXB0D0bits   0x000f66       data     extern C:\MCC18\src\traditional\proc\p18F4580.asm
                   RXB0D1   0x000f67       data     extern C:\MCC18\src\traditional\proc\p18F4580.asm
               RXB0D1bits   0x000f67       data     extern C:\MCC18\src\traditional\proc\p18F4580.asm
                   RXB0D2   0x000f68       data     extern C:\MCC18\src\traditional\proc\p18F4580.asm
               RXB0D2bits   0x000f68       data     extern C:\MCC18\src\traditional\proc\p18F4580.asm
                   RXB0D3   0x000f69       data     extern C:\MCC18\src\traditional\proc\p18F4580.asm
               RXB0D3bits   0x000f69       data     extern C:\MCC18\src\traditional\proc\p18F4580.asm
                   RXB0D4   0x000f6a       data     extern C:\MCC18\src\traditional\proc\p18F4580.asm
               RXB0D4bits   0x000f6a       data     extern C:\MCC18\src\traditional\proc\p18F4580.asm
                   RXB0D5   0x000f6b       data     extern C:\MCC18\src\traditional\proc\p18F4580.asm
               RXB0D5bits   0x000f6b       data     extern C:\MCC18\src\traditional\proc\p18F4580.asm
                   RXB0D6   0x000f6c       data     extern C:\MCC18\src\traditional\proc\p18F4580.asm
               RXB0D6bits   0x000f6c       data     extern C:\MCC18\src\traditional\proc\p18F4580.asm
                   RXB0D7   0x000f6d       data     extern C:\MCC18\src\traditional\proc\p18F4580.asm
               RXB0D7bits   0x000f6d       data     extern C:\MCC18\src\traditional\proc\p18F4580.asm
                  RXB0DLC   0x000f65       data     extern C:\MCC18\src\traditional\proc\p18F4580.asm
              RXB0DLCbits   0x000f65       data     extern C:\MCC18\src\traditional\proc\p18F4580.asm
                 RXB0EIDH   0x000f63       data     extern C:\MCC18\src\traditional\proc\p18F4580.asm
             RXB0EIDHbits   0x000f63       data     extern C:\MCC18\src\traditional\proc\p18F4580.asm
                 RXB0EIDL   0x000f64       data     extern C:\MCC18\src\traditional\proc\p18F4580.asm
             RXB0EIDLbits   0x000f64       data     extern C:\MCC18\src\traditional\proc\p18F4580.asm
                 RXB0SIDH   0x000f61       data     extern C:\MCC18\src\traditional\proc\p18F4580.asm
             RXB0SIDHbits   0x000f61       data     extern C:\MCC18\src\traditional\proc\p18F4580.asm
                 RXB0SIDL   0x000f62       data     extern C:\MCC18\src\traditional\proc\p18F4580.asm
             RXB0SIDLbits   0x000f62       data     extern C:\MCC18\src\traditional\proc\p18F4580.asm
                  RXB1CON   0x000f50       data     extern C:\MCC18\src\traditional\proc\p18F4580.asm
              RXB1CONbits   0x000f50       data     extern C:\MCC18\src\traditional\proc\p18F4580.asm
                   RXB1D0   0x000f56       data     extern C:\MCC18\src\traditional\proc\p18F4580.asm
               RXB1D0bits   0x000f56       data     extern C:\MCC18\src\traditional\proc\p18F4580.asm
                   RXB1D1   0x000f57       data     extern C:\MCC18\src\traditional\proc\p18F4580.asm
               RXB1D1bits   0x000f57       data     extern C:\MCC18\src\traditional\proc\p18F4580.asm
                   RXB1D2   0x000f58       data     extern C:\MCC18\src\traditional\proc\p18F4580.asm
               RXB1D2bits   0x000f58       data     extern C:\MCC18\src\traditional\proc\p18F4580.asm
                   RXB1D3   0x000f59       data     extern C:\MCC18\src\traditional\proc\p18F4580.asm
               RXB1D3bits   0x000f59       data     extern C:\MCC18\src\traditional\proc\p18F4580.asm
                   RXB1D4   0x000f5a       data     extern C:\MCC18\src\traditional\proc\p18F4580.asm
               RXB1D4bits   0x000f5a       data     extern C:\MCC18\src\traditional\proc\p18F4580.asm
                   RXB1D5   0x000f5b       data     extern C:\MCC18\src\traditional\proc\p18F4580.asm
               RXB1D5bits   0x000f5b       data     extern C:\MCC18\src\traditional\proc\p18F4580.asm
                   RXB1D6   0x000f5c       data     extern C:\MCC18\src\traditional\proc\p18F4580.asm
               RXB1D6bits   0x000f5c       data     extern C:\MCC18\src\traditional\proc\p18F4580.asm
                   RXB1D7   0x000f5d       data     extern C:\MCC18\src\traditional\proc\p18F4580.asm
               RXB1D7bits   0x000f5d       data     extern C:\MCC18\src\traditional\proc\p18F4580.asm
                  RXB1DLC   0x000f55       data     extern C:\MCC18\src\traditional\proc\p18F4580.asm
              RXB1DLCbits   0x000f55       data     extern C:\MCC18\src\traditional\proc\p18F4580.asm
                 RXB1EIDH   0x000f53       data     extern C:\MCC18\src\traditional\proc\p18F4580.asm
             RXB1EIDHbits   0x000f53       data     extern C:\MCC18\src\traditional\proc\p18F4580.asm
                 RXB1EIDL   0x000f54       data     extern C:\MCC18\src\traditional\proc\p18F4580.asm
             RXB1EIDLbits   0x000f54       data     extern C:\MCC18\src\traditional\proc\p18F4580.asm
                 RXB1SIDH   0x000f51       data     extern C:\MCC18\src\traditional\proc\p18F4580.asm
             RXB1SIDHbits   0x000f51       data     extern C:\MCC18\src\traditional\proc\p18F4580.asm
                 RXB1SIDL   0x000f52       data     extern C:\MCC18\src\traditional\proc\p18F4580.asm
             RXB1SIDLbits   0x000f52       data     extern C:\MCC18\src\traditional\proc\p18F4580.asm
                 RXERRCNT   0x000f75       data     extern C:\MCC18\src\traditional\proc\p18F4580.asm
             RXERRCNTbits   0x000f75       data     extern C:\MCC18\src\traditional\proc\p18F4580.asm
                 RXF0EIDH   0x000f02       data     extern C:\MCC18\src\traditional\proc\p18F4580.asm
             RXF0EIDHbits   0x000f02       data     extern C:\MCC18\src\traditional\proc\p18F4580.asm
                 RXF0EIDL   0x000f03       data     extern C:\MCC18\src\traditional\proc\p18F4580.asm
             RXF0EIDLbits   0x000f03       data     extern C:\MCC18\src\traditional\proc\p18F4580.asm
                 RXF0SIDH   0x000f00       data     extern C:\MCC18\src\traditional\proc\p18F4580.asm
             RXF0SIDHbits   0x000f00       data     extern C:\MCC18\src\traditional\proc\p18F4580.asm
                 RXF0SIDL   0x000f01       data     extern C:\MCC18\src\traditional\proc\p18F4580.asm
             RXF0SIDLbits   0x000f01       data     extern C:\MCC18\src\traditional\proc\p18F4580.asm
                RXF10EIDH   0x000d76       data     extern C:\MCC18\src\traditional\proc\p18F4580.asm
            RXF10EIDHbits   0x000d76       data     extern C:\MCC18\src\traditional\proc\p18F4580.asm
                RXF10EIDL   0x000d77       data     extern C:\MCC18\src\traditional\proc\p18F4580.asm
            RXF10EIDLbits   0x000d77       data     extern C:\MCC18\src\traditional\proc\p18F4580.asm
                RXF10SIDH   0x000d74       data     extern C:\MCC18\src\traditional\proc\p18F4580.asm
            RXF10SIDHbits   0x000d74       data     extern C:\MCC18\src\traditional\proc\p18F4580.asm
                RXF10SIDL   0x000d75       data     extern C:\MCC18\src\traditional\proc\p18F4580.asm
            RXF10SIDLbits   0x000d75       data     extern C:\MCC18\src\traditional\proc\p18F4580.asm
                RXF11EIDH   0x000d7a       data     extern C:\MCC18\src\traditional\proc\p18F4580.asm
            RXF11EIDHbits   0x000d7a       data     extern C:\MCC18\src\traditional\proc\p18F4580.asm
                RXF11EIDL   0x000d7b       data     extern C:\MCC18\src\traditional\proc\p18F4580.asm
            RXF11EIDLbits   0x000d7b       data     extern C:\MCC18\src\traditional\proc\p18F4580.asm
                RXF11SIDH   0x000d78       data     extern C:\MCC18\src\traditional\proc\p18F4580.asm
            RXF11SIDHbits   0x000d78       data     extern C:\MCC18\src\traditional\proc\p18F4580.asm
                RXF11SIDL   0x000d79       data     extern C:\MCC18\src\traditional\proc\p18F4580.asm
            RXF11SIDLbits   0x000d79       data     extern C:\MCC18\src\traditional\proc\p18F4580.asm
                RXF12EIDH   0x000d82       data     extern C:\MCC18\src\traditional\proc\p18F4580.asm
            RXF12EIDHbits   0x000d82       data     extern C:\MCC18\src\traditional\proc\p18F4580.asm
                RXF12EIDL   0x000d83       data     extern C:\MCC18\src\traditional\proc\p18F4580.asm
            RXF12EIDLbits   0x000d83       data     extern C:\MCC18\src\traditional\proc\p18F4580.asm
                RXF12SIDH   0x000d80       data     extern C:\MCC18\src\traditional\proc\p18F4580.asm
            RXF12SIDHbits   0x000d80       data     extern C:\MCC18\src\traditional\proc\p18F4580.asm
                RXF12SIDL   0x000d81       data     extern C:\MCC18\src\traditional\proc\p18F4580.asm
            RXF12SIDLbits   0x000d81       data     extern C:\MCC18\src\traditional\proc\p18F4580.asm
                RXF13EIDH   0x000d86       data     extern C:\MCC18\src\traditional\proc\p18F4580.asm
            RXF13EIDHbits   0x000d86       data     extern C:\MCC18\src\traditional\proc\p18F4580.asm
                RXF13EIDL   0x000d87       data     extern C:\MCC18\src\traditional\proc\p18F4580.asm
            RXF13EIDLbits   0x000d87       data     extern C:\MCC18\src\traditional\proc\p18F4580.asm
                RXF13SIDH   0x000d84       data     extern C:\MCC18\src\traditional\proc\p18F4580.asm
            RXF13SIDHbits   0x000d84       data     extern C:\MCC18\src\traditional\proc\p18F4580.asm
                RXF13SIDL   0x000d85       data     extern C:\MCC18\src\traditional\proc\p18F4580.asm
            RXF13SIDLbits   0x000d85       data     extern C:\MCC18\src\traditional\proc\p18F4580.asm
                RXF14EIDH   0x000d8a       data     extern C:\MCC18\src\traditional\proc\p18F4580.asm
            RXF14EIDHbits   0x000d8a       data     extern C:\MCC18\src\traditional\proc\p18F4580.asm
                RXF14EIDL   0x000d8b       data     extern C:\MCC18\src\traditional\proc\p18F4580.asm
            RXF14EIDLbits   0x000d8b       data     extern C:\MCC18\src\traditional\proc\p18F4580.asm
                RXF14SIDH   0x000d88       data     extern C:\MCC18\src\traditional\proc\p18F4580.asm
            RXF14SIDHbits   0x000d88       data     extern C:\MCC18\src\traditional\proc\p18F4580.asm
                RXF14SIDL   0x000d89       data     extern C:\MCC18\src\traditional\proc\p18F4580.asm
            RXF14SIDLbits   0x000d89       data     extern C:\MCC18\src\traditional\proc\p18F4580.asm
                RXF15EIDH   0x000d92       data     extern C:\MCC18\src\traditional\proc\p18F4580.asm
            RXF15EIDHbits   0x000d92       data     extern C:\MCC18\src\traditional\proc\p18F4580.asm
                RXF15EIDL   0x000d93       data     extern C:\MCC18\src\traditional\proc\p18F4580.asm
            RXF15EIDLbits   0x000d93       data     extern C:\MCC18\src\traditional\proc\p18F4580.asm
                RXF15SIDH   0x000d90       data     extern C:\MCC18\src\traditional\proc\p18F4580.asm
            RXF15SIDHbits   0x000d90       data     extern C:\MCC18\src\traditional\proc\p18F4580.asm
                RXF15SIDL   0x000d91       data     extern C:\MCC18\src\traditional\proc\p18F4580.asm
            RXF15SIDLbits   0x000d91       data     extern C:\MCC18\src\traditional\proc\p18F4580.asm
                 RXF1EIDH   0x000f06       data     extern C:\MCC18\src\traditional\proc\p18F4580.asm
             RXF1EIDHbits   0x000f06       data     extern C:\MCC18\src\traditional\proc\p18F4580.asm
                 RXF1EIDL   0x000f07       data     extern C:\MCC18\src\traditional\proc\p18F4580.asm
             RXF1EIDLbits   0x000f07       data     extern C:\MCC18\src\traditional\proc\p18F4580.asm
                 RXF1SIDH   0x000f04       data     extern C:\MCC18\src\traditional\proc\p18F4580.asm
             RXF1SIDHbits   0x000f04       data     extern C:\MCC18\src\traditional\proc\p18F4580.asm
                 RXF1SIDL   0x000f05       data     extern C:\MCC18\src\traditional\proc\p18F4580.asm
             RXF1SIDLbits   0x000f05       data     extern C:\MCC18\src\traditional\proc\p18F4580.asm
                 RXF2EIDH   0x000f0a       data     extern C:\MCC18\src\traditional\proc\p18F4580.asm
             RXF2EIDHbits   0x000f0a       data     extern C:\MCC18\src\traditional\proc\p18F4580.asm
                 RXF2EIDL   0x000f0b       data     extern C:\MCC18\src\traditional\proc\p18F4580.asm
             RXF2EIDLbits   0x000f0b       data     extern C:\MCC18\src\traditional\proc\p18F4580.asm
                 RXF2SIDH   0x000f08       data     extern C:\MCC18\src\traditional\proc\p18F4580.asm
             RXF2SIDHbits   0x000f08       data     extern C:\MCC18\src\traditional\proc\p18F4580.asm
                 RXF2SIDL   0x000f09       data     extern C:\MCC18\src\traditional\proc\p18F4580.asm
             RXF2SIDLbits   0x000f09       data     extern C:\MCC18\src\traditional\proc\p18F4580.asm
                 RXF3EIDH   0x000f0e       data     extern C:\MCC18\src\traditional\proc\p18F4580.asm
             RXF3EIDHbits   0x000f0e       data     extern C:\MCC18\src\traditional\proc\p18F4580.asm
                 RXF3EIDL   0x000f0f       data     extern C:\MCC18\src\traditional\proc\p18F4580.asm
             RXF3EIDLbits   0x000f0f       data     extern C:\MCC18\src\traditional\proc\p18F4580.asm
                 RXF3SIDH   0x000f0c       data     extern C:\MCC18\src\traditional\proc\p18F4580.asm
             RXF3SIDHbits   0x000f0c       data     extern C:\MCC18\src\traditional\proc\p18F4580.asm
                 RXF3SIDL   0x000f0d       data     extern C:\MCC18\src\traditional\proc\p18F4580.asm
             RXF3SIDLbits   0x000f0d       data     extern C:\MCC18\src\traditional\proc\p18F4580.asm
                 RXF4EIDH   0x000f12       data     extern C:\MCC18\src\traditional\proc\p18F4580.asm
             RXF4EIDHbits   0x000f12       data     extern C:\MCC18\src\traditional\proc\p18F4580.asm
                 RXF4EIDL   0x000f13       data     extern C:\MCC18\src\traditional\proc\p18F4580.asm
             RXF4EIDLbits   0x000f13       data     extern C:\MCC18\src\traditional\proc\p18F4580.asm
                 RXF4SIDH   0x000f10       data     extern C:\MCC18\src\traditional\proc\p18F4580.asm
             RXF4SIDHbits   0x000f10       data     extern C:\MCC18\src\traditional\proc\p18F4580.asm
                 RXF4SIDL   0x000f11       data     extern C:\MCC18\src\traditional\proc\p18F4580.asm
             RXF4SIDLbits   0x000f11       data     extern C:\MCC18\src\traditional\proc\p18F4580.asm
                 RXF5EIDH   0x000f16       data     extern C:\MCC18\src\traditional\proc\p18F4580.asm
             RXF5EIDHbits   0x000f16       data     extern C:\MCC18\src\traditional\proc\p18F4580.asm
                 RXF5EIDL   0x000f17       data     extern C:\MCC18\src\traditional\proc\p18F4580.asm
             RXF5EIDLbits   0x000f17       data     extern C:\MCC18\src\traditional\proc\p18F4580.asm
                 RXF5SIDH   0x000f14       data     extern C:\MCC18\src\traditional\proc\p18F4580.asm
             RXF5SIDHbits   0x000f14       data     extern C:\MCC18\src\traditional\proc\p18F4580.asm
                 RXF5SIDL   0x000f15       data     extern C:\MCC18\src\traditional\proc\p18F4580.asm
             RXF5SIDLbits   0x000f15       data     extern C:\MCC18\src\traditional\proc\p18F4580.asm
                 RXF6EIDH   0x000d62       data     extern C:\MCC18\src\traditional\proc\p18F4580.asm
             RXF6EIDHbits   0x000d62       data     extern C:\MCC18\src\traditional\proc\p18F4580.asm
                 RXF6EIDL   0x000d63       data     extern C:\MCC18\src\traditional\proc\p18F4580.asm
             RXF6EIDLbits   0x000d63       data     extern C:\MCC18\src\traditional\proc\p18F4580.asm
                 RXF6SIDH   0x000d60       data     extern C:\MCC18\src\traditional\proc\p18F4580.asm
             RXF6SIDHbits   0x000d60       data     extern C:\MCC18\src\traditional\proc\p18F4580.asm
                 RXF6SIDL   0x000d61       data     extern C:\MCC18\src\traditional\proc\p18F4580.asm
             RXF6SIDLbits   0x000d61       data     extern C:\MCC18\src\traditional\proc\p18F4580.asm
                 RXF7EIDH   0x000d66       data     extern C:\MCC18\src\traditional\proc\p18F4580.asm
             RXF7EIDHbits   0x000d66       data     extern C:\MCC18\src\traditional\proc\p18F4580.asm
                 RXF7EIDL   0x000d67       data     extern C:\MCC18\src\traditional\proc\p18F4580.asm
             RXF7EIDLbits   0x000d67       data     extern C:\MCC18\src\traditional\proc\p18F4580.asm
                 RXF7SIDH   0x000d64       data     extern C:\MCC18\src\traditional\proc\p18F4580.asm
             RXF7SIDHbits   0x000d64       data     extern C:\MCC18\src\traditional\proc\p18F4580.asm
                 RXF7SIDL   0x000d65       data     extern C:\MCC18\src\traditional\proc\p18F4580.asm
             RXF7SIDLbits   0x000d65       data     extern C:\MCC18\src\traditional\proc\p18F4580.asm
                 RXF8EIDH   0x000d6a       data     extern C:\MCC18\src\traditional\proc\p18F4580.asm
             RXF8EIDHbits   0x000d6a       data     extern C:\MCC18\src\traditional\proc\p18F4580.asm
                 RXF8EIDL   0x000d6b       data     extern C:\MCC18\src\traditional\proc\p18F4580.asm
             RXF8EIDLbits   0x000d6b       data     extern C:\MCC18\src\traditional\proc\p18F4580.asm
                 RXF8SIDH   0x000d68       data     extern C:\MCC18\src\traditional\proc\p18F4580.asm
             RXF8SIDHbits   0x000d68       data     extern C:\MCC18\src\traditional\proc\p18F4580.asm
                 RXF8SIDL   0x000d69       data     extern C:\MCC18\src\traditional\proc\p18F4580.asm
             RXF8SIDLbits   0x000d69       data     extern C:\MCC18\src\traditional\proc\p18F4580.asm
                 RXF9EIDH   0x000d72       data     extern C:\MCC18\src\traditional\proc\p18F4580.asm
             RXF9EIDHbits   0x000d72       data     extern C:\MCC18\src\traditional\proc\p18F4580.asm
                 RXF9EIDL   0x000d73       data     extern C:\MCC18\src\traditional\proc\p18F4580.asm
             RXF9EIDLbits   0x000d73       data     extern C:\MCC18\src\traditional\proc\p18F4580.asm
                 RXF9SIDH   0x000d70       data     extern C:\MCC18\src\traditional\proc\p18F4580.asm
             RXF9SIDHbits   0x000d70       data     extern C:\MCC18\src\traditional\proc\p18F4580.asm
                 RXF9SIDL   0x000d71       data     extern C:\MCC18\src\traditional\proc\p18F4580.asm
             RXF9SIDLbits   0x000d71       data     extern C:\MCC18\src\traditional\proc\p18F4580.asm
                 RXFBCON0   0x000de0       data     extern C:\MCC18\src\traditional\proc\p18F4580.asm
             RXFBCON0bits   0x000de0       data     extern C:\MCC18\src\traditional\proc\p18F4580.asm
                 RXFBCON1   0x000de1       data     extern C:\MCC18\src\traditional\proc\p18F4580.asm
             RXFBCON1bits   0x000de1       data     extern C:\MCC18\src\traditional\proc\p18F4580.asm
                 RXFBCON2   0x000de2       data     extern C:\MCC18\src\traditional\proc\p18F4580.asm
             RXFBCON2bits   0x000de2       data     extern C:\MCC18\src\traditional\proc\p18F4580.asm
                 RXFBCON3   0x000de3       data     extern C:\MCC18\src\traditional\proc\p18F4580.asm
             RXFBCON3bits   0x000de3       data     extern C:\MCC18\src\traditional\proc\p18F4580.asm
                 RXFBCON4   0x000de4       data     extern C:\MCC18\src\traditional\proc\p18F4580.asm
             RXFBCON4bits   0x000de4       data     extern C:\MCC18\src\traditional\proc\p18F4580.asm
                 RXFBCON5   0x000de5       data     extern C:\MCC18\src\traditional\proc\p18F4580.asm
             RXFBCON5bits   0x000de5       data     extern C:\MCC18\src\traditional\proc\p18F4580.asm
                 RXFBCON6   0x000de6       data     extern C:\MCC18\src\traditional\proc\p18F4580.asm
             RXFBCON6bits   0x000de6       data     extern C:\MCC18\src\traditional\proc\p18F4580.asm
                 RXFBCON7   0x000de7       data     extern C:\MCC18\src\traditional\proc\p18F4580.asm
[...]
                  COMSTAT   0x000f74       data     extern C:\MCC18\src\traditional\proc\p18F4580.asm
              COMSTATbits   0x000f74       data     extern C:\MCC18\src\traditional\proc\p18F4580.asm
             RXERRCNTbits   0x000f75       data     extern C:\MCC18\src\traditional\proc\p18F4580.asm
                 RXERRCNT   0x000f75       data     extern C:\MCC18\src\traditional\proc\p18F4580.asm
             TXERRCNTbits   0x000f76       data     extern C:\MCC18\src\traditional\proc\p18F4580.asm
                 TXERRCNT   0x000f76       data     extern C:\MCC18\src\traditional\proc\p18F4580.asm
                  ECANCON   0x000f77       data     extern C:\MCC18\src\traditional\proc\p18F4580.asm
              ECANCONbits   0x000f77       data     extern C:\MCC18\src\traditional\proc\p18F4580.asm
                PORTAbits   0x000f80       data     extern C:\MCC18\src\traditional\proc\p18F4580.asm
                    PORTA   0x000f80       data     extern C:\MCC18\src\traditional\proc\p18F4580.asm
                    PORTB   0x000f81       data     extern C:\MCC18\src\traditional\proc\p18F4580.asm
                PORTBbits   0x000f81       data     extern C:\MCC18\src\traditional\proc\p18F4580.asm
                    PORTC   0x000f82       data     extern C:\MCC18\src\traditional\proc\p18F4580.asm
                PORTCbits   0x000f82       data     extern C:\MCC18\src\traditional\proc\p18F4580.asm
                    PORTD   0x000f83       data     extern C:\MCC18\src\traditional\proc\p18F4580.asm
                PORTDbits   0x000f83       data     extern C:\MCC18\src\traditional\proc\p18F4580.asm
                PORTEbits   0x000f84       data     extern C:\MCC18\src\traditional\proc\p18F4580.asm
                    PORTE   0x000f84       data     extern C:\MCC18\src\traditional\proc\p18F4580.asm
                 LATAbits   0x000f89       data     extern C:\MCC18\src\traditional\proc\p18F4580.asm
                     LATA   0x000f89       data     extern C:\MCC18\src\traditional\proc\p18F4580.asm
                 LATBbits   0x000f8a       data     extern C:\MCC18\src\traditional\proc\p18F4580.asm
                     LATB   0x000f8a       data     extern C:\MCC18\src\traditional\proc\p18F4580.asm
                     LATC   0x000f8b       data     extern C:\MCC18\src\traditional\proc\p18F4580.asm
                 LATCbits   0x000f8b       data     extern C:\MCC18\src\traditional\proc\p18F4580.asm
                     LATD   0x000f8c       data     extern C:\MCC18\src\traditional\proc\p18F4580.asm
                 LATDbits   0x000f8c       data     extern C:\MCC18\src\traditional\proc\p18F4580.asm
                     LATE   0x000f8d       data     extern C:\MCC18\src\traditional\proc\p18F4580.asm
                 LATEbits   0x000f8d       data     extern C:\MCC18\src\traditional\proc\p18F4580.asm
                     DDRA   0x000f92       data     extern C:\MCC18\src\traditional\proc\p18F4580.asm
                 DDRAbits   0x000f92       data     extern C:\MCC18\src\traditional\proc\p18F4580.asm
                TRISAbits   0x000f92       data     extern C:\MCC18\src\traditional\proc\p18F4580.asm
                    TRISA   0x000f92       data     extern C:\MCC18\src\traditional\proc\p18F4580.asm
                     DDRB   0x000f93       data     extern C:\MCC18\src\traditional\proc\p18F4580.asm
                 DDRBbits   0x000f93       data     extern C:\MCC18\src\traditional\proc\p18F4580.asm
                TRISBbits   0x000f93       data     extern C:\MCC18\src\traditional\proc\p18F4580.asm
                    TRISB   0x000f93       data     extern C:\MCC18\src\traditional\proc\p18F4580.asm
                    TRISC   0x000f94       data     extern C:\MCC18\src\traditional\proc\p18F4580.asm
                TRISCbits   0x000f94       data     extern C:\MCC18\src\traditional\proc\p18F4580.asm
                 DDRCbits   0x000f94       data     extern C:\MCC18\src\traditional\proc\p18F4580.asm
                     DDRC   0x000f94       data     extern C:\MCC18\src\traditional\proc\p18F4580.asm
                    TRISD   0x000f95       data     extern C:\MCC18\src\traditional\proc\p18F4580.asm
                 DDRDbits   0x000f95       data     extern C:\MCC18\src\traditional\proc\p18F4580.asm
                TRISDbits   0x000f95       data     extern C:\MCC18\src\traditional\proc\p18F4580.asm
                     DDRD   0x000f95       data     extern C:\MCC18\src\traditional\proc\p18F4580.asm
                    TRISE   0x000f96       data     extern C:\MCC18\src\traditional\proc\p18F4580.asm
                TRISEbits   0x000f96       data     extern C:\MCC18\src\traditional\proc\p18F4580.asm
                 DDREbits   0x000f96       data     extern C:\MCC18\src\traditional\proc\p18F4580.asm
                     DDRE   0x000f96       data     extern C:\MCC18\src\traditional\proc\p18F4580.asm
                  OSCTUNE   0x000f9b       data     extern C:\MCC18\src\traditional\proc\p18F4580.asm
              OSCTUNEbits   0x000f9b       data     extern C:\MCC18\src\traditional\proc\p18F4580.asm
                     PIE1   0x000f9d       data     extern C:\MCC18\src\traditional\proc\p18F4580.asm
                 PIE1bits   0x000f9d       data     extern C:\MCC18\src\traditional\proc\p18F4580.asm
                     PIR1   0x000f9e       data     extern C:\MCC18\src\traditional\proc\p18F4580.asm
                 PIR1bits   0x000f9e       data     extern C:\MCC18\src\traditional\proc\p18F4580.asm
                     IPR1   0x000f9f       data     extern C:\MCC18\src\traditional\proc\p18F4580.asm
                 IPR1bits   0x000f9f       data     extern C:\MCC18\src\traditional\proc\p18F4580.asm
                     PIE2   0x000fa0       data     extern C:\MCC18\src\traditional\proc\p18F4580.asm
                 PIE2bits   0x000fa0       data     extern C:\MCC18\src\traditional\proc\p18F4580.asm
                     PIR2   0x000fa1       data     extern C:\MCC18\src\traditional\proc\p18F4580.asm
                 PIR2bits   0x000fa1       data     extern C:\MCC18\src\traditional\proc\p18F4580.asm
                     IPR2   0x000fa2       data     extern C:\MCC18\src\traditional\proc\p18F4580.asm
                 IPR2bits   0x000fa2       data     extern C:\MCC18\src\traditional\proc\p18F4580.asm
                     PIE3   0x000fa3       data     extern C:\MCC18\src\traditional\proc\p18F4580.asm
                 PIE3bits   0x000fa3       data     extern C:\MCC18\src\traditional\proc\p18F4580.asm
                 PIR3bits   0x000fa4       data     extern C:\MCC18\src\traditional\proc\p18F4580.asm
                     PIR3   0x000fa4       data     extern C:\MCC18\src\traditional\proc\p18F4580.asm
                     IPR3   0x000fa5       data     extern C:\MCC18\src\traditional\proc\p18F4580.asm
                 IPR3bits   0x000fa5       data     extern C:\MCC18\src\traditional\proc\p18F4580.asm
               EECON1bits   0x000fa6       data     extern C:\MCC18\src\traditional\proc\p18F4580.asm
                   EECON1   0x000fa6       data     extern C:\MCC18\src\traditional\proc\p18F4580.asm
                   EECON2   0x000fa7       data     extern C:\MCC18\src\traditional\proc\p18F4580.asm
                   EEDATA   0x000fa8       data     extern C:\MCC18\src\traditional\proc\p18F4580.asm
                    EEADR   0x000fa9       data     extern C:\MCC18\src\traditional\proc\p18F4580.asm
                RCSTAbits   0x000fab       data     extern C:\MCC18\src\traditional\proc\p18F4580.asm
                    RCSTA   0x000fab       data     extern C:\MCC18\src\traditional\proc\p18F4580.asm
                    TXSTA   0x000fac       data     extern C:\MCC18\src\traditional\proc\p18F4580.asm
                TXSTAbits   0x000fac       data     extern C:\MCC18\src\traditional\proc\p18F4580.asm
                    TXREG   0x000fad       data     extern C:\MCC18\src\traditional\proc\p18F4580.asm
                    RCREG   0x000fae       data     extern C:\MCC18\src\traditional\proc\p18F4580.asm
                    SPBRG   0x000faf       data     extern C:\MCC18\src\traditional\proc\p18F4580.asm
                   SPBRGH   0x000fb0       data     extern C:\MCC18\src\traditional\proc\p18F4580.asm
                T3CONbits   0x000fb1       data     extern C:\MCC18\src\traditional\proc\p18F4580.asm
                    T3CON   0x000fb1       data     extern C:\MCC18\src\traditional\proc\p18F4580.asm
                    TMR3L   0x000fb2       data     extern C:\MCC18\src\traditional\proc\p18F4580.asm
                    TMR3H   0x000fb3       data     extern C:\MCC18\src\traditional\proc\p18F4580.asm
                    CMCON   0x000fb4       data     extern C:\MCC18\src\traditional\proc\p18F4580.asm
                CMCONbits   0x000fb4       data     extern C:\MCC18\src\traditional\proc\p18F4580.asm
                   CVRCON   0x000fb5       data     extern C:\MCC18\src\traditional\proc\p18F4580.asm
               CVRCONbits   0x000fb5       data     extern C:\MCC18\src\traditional\proc\p18F4580.asm
                  ECCP1AS   0x000fb6       data     extern C:\MCC18\src\traditional\proc\p18F4580.asm
              ECCP1ASbits   0x000fb6       data     extern C:\MCC18\src\traditional\proc\p18F4580.asm
                 ECCP1DEL   0x000fb7       data     extern C:\MCC18\src\traditional\proc\p18F4580.asm
             ECCP1DELbits   0x000fb7       data     extern C:\MCC18\src\traditional\proc\p18F4580.asm
              BAUDCONbits   0x000fb8       data     extern C:\MCC18\src\traditional\proc\p18F4580.asm
                  BAUDCON   0x000fb8       data     extern C:\MCC18\src\traditional\proc\p18F4580.asm
             ECCP1CONbits   0x000fba       data     extern C:\MCC18\src\traditional\proc\p18F4580.asm
                 ECCP1CON   0x000fba       data     extern C:\MCC18\src\traditional\proc\p18F4580.asm
                   ECCPR1   0x000fbb       data     extern C:\MCC18\src\traditional\proc\p18F4580.asm
                  ECCPR1L   0x000fbb       data     extern C:\MCC18\src\traditional\proc\p18F4580.asm
                  ECCPR1H   0x000fbc       data     extern C:\MCC18\src\traditional\proc\p18F4580.asm
              CCP1CONbits   0x000fbd       data     extern C:\MCC18\src\traditional\proc\p18F4580.asm
                  CCP1CON   0x000fbd       data     extern C:\MCC18\src\traditional\proc\p18F4580.asm
                    CCPR1   0x000fbe       data     extern C:\MCC18\src\traditional\proc\p18F4580.asm
                   CCPR1L   0x000fbe       data     extern C:\MCC18\src\traditional\proc\p18F4580.asm
                   CCPR1H   0x000fbf       data     extern C:\MCC18\src\traditional\proc\p18F4580.asm
                   ADCON2   0x000fc0       data     extern C:\MCC18\src\traditional\proc\p18F4580.asm
               ADCON2bits   0x000fc0       data     extern C:\MCC18\src\traditional\proc\p18F4580.asm
                   ADCON1   0x000fc1       data     extern C:\MCC18\src\traditional\proc\p18F4580.asm
               ADCON1bits   0x000fc1       data     extern C:\MCC18\src\traditional\proc\p18F4580.asm
                   ADCON0   0x000fc2       data     extern C:\MCC18\src\traditional\proc\p18F4580.asm
               ADCON0bits   0x000fc2       data     extern C:\MCC18\src\traditional\proc\p18F4580.asm
                    ADRES   0x000fc3       data     extern C:\MCC18\src\traditional\proc\p18F4580.asm
                   ADRESL   0x000fc3       data     extern C:\MCC18\src\traditional\proc\p18F4580.asm
                   ADRESH   0x000fc4       data     extern C:\MCC18\src\traditional\proc\p18F4580.asm
                  SSPCON2   0x000fc5       data     extern C:\MCC18\src\traditional\proc\p18F4580.asm
              SSPCON2bits   0x000fc5       data     extern C:\MCC18\src\traditional\proc\p18F4580.asm
                  SSPCON1   0x000fc6       data     extern C:\MCC18\src\traditional\proc\p18F4580.asm
              SSPCON1bits   0x000fc6       data     extern C:\MCC18\src\traditional\proc\p18F4580.asm
              SSPSTATbits   0x000fc7       data     extern C:\MCC18\src\traditional\proc\p18F4580.asm
                  SSPSTAT   0x000fc7       data     extern C:\MCC18\src\traditional\proc\p18F4580.asm
                   SSPADD   0x000fc8       data     extern C:\MCC18\src\traditional\proc\p18F4580.asm
                   SSPBUF   0x000fc9       data     extern C:\MCC18\src\traditional\proc\p18F4580.asm
                    T2CON   0x000fca       data     extern C:\MCC18\src\traditional\proc\p18F4580.asm
                T2CONbits   0x000fca       data     extern C:\MCC18\src\traditional\proc\p18F4580.asm
                      PR2   0x000fcb       data     extern C:\MCC18\src\traditional\proc\p18F4580.asm
                     TMR2   0x000fcc       data     extern C:\MCC18\src\traditional\proc\p18F4580.asm
                    T1CON   0x000fcd       data     extern C:\MCC18\src\traditional\proc\p18F4580.asm
                T1CONbits   0x000fcd       data     extern C:\MCC18\src\traditional\proc\p18F4580.asm
                    TMR1L   0x000fce       data     extern C:\MCC18\src\traditional\proc\p18F4580.asm
                    TMR1H   0x000fcf       data     extern C:\MCC18\src\traditional\proc\p18F4580.asm
                     RCON   0x000fd0       data     extern C:\MCC18\src\traditional\proc\p18F4580.asm
                 RCONbits   0x000fd0       data     extern C:\MCC18\src\traditional\proc\p18F4580.asm
               WDTCONbits   0x000fd1       data     extern C:\MCC18\src\traditional\proc\p18F4580.asm
                   WDTCON   0x000fd1       data     extern C:\MCC18\src\traditional\proc\p18F4580.asm
                  HLVDCON   0x000fd2       data     extern C:\MCC18\src\traditional\proc\p18F4580.asm
                   LVDCON   0x000fd2       data     extern C:\MCC18\src\traditional\proc\p18F4580.asm
               LVDCONbits   0x000fd2       data     extern C:\MCC18\src\traditional\proc\p18F4580.asm
              HLVDCONbits   0x000fd2       data     extern C:\MCC18\src\traditional\proc\p18F4580.asm
                   OSCCON   0x000fd3       data     extern C:\MCC18\src\traditional\proc\p18F4580.asm
               OSCCONbits   0x000fd3       data     extern C:\MCC18\src\traditional\proc\p18F4580.asm
                T0CONbits   0x000fd5       data     extern C:\MCC18\src\traditional\proc\p18F4580.asm
                    T0CON   0x000fd5       data     extern C:\MCC18\src\traditional\proc\p18F4580.asm
                    TMR0L   0x000fd6       data     extern C:\MCC18\src\traditional\proc\p18F4580.asm
                    TMR0H   0x000fd7       data     extern C:\MCC18\src\traditional\proc\p18F4580.asm
               STATUSbits   0x000fd8       data     extern C:\MCC18\src\traditional\proc\p18F4580.asm
                   STATUS   0x000fd8       data     extern C:\MCC18\src\traditional\proc\p18F4580.asm
                    FSR2L   0x000fd9       data     extern C:\MCC18\src\traditional\proc\p18F4580.asm
                     FSR2   0x000fd9       data     extern C:\MCC18\src\traditional\proc\p18F4580.asm
                    FSR2H   0x000fda       data     extern C:\MCC18\src\traditional\proc\p18F4580.asm
                   PLUSW2   0x000fdb       data     extern C:\MCC18\src\traditional\proc\p18F4580.asm
                  PREINC2   0x000fdc       data     extern C:\MCC18\src\traditional\proc\p18F4580.asm
                 POSTDEC2   0x000fdd       data     extern C:\MCC18\src\traditional\proc\p18F4580.asm
                 POSTINC2   0x000fde       data     extern C:\MCC18\src\traditional\proc\p18F4580.asm
                    INDF2   0x000fdf       data     extern C:\MCC18\src\traditional\proc\p18F4580.asm
                      BSR   0x000fe0       data     extern C:\MCC18\src\traditional\proc\p18F4580.asm
                     FSR1   0x000fe1       data     extern C:\MCC18\src\traditional\proc\p18F4580.asm
                    FSR1L   0x000fe1       data     extern C:\MCC18\src\traditional\proc\p18F4580.asm
                    FSR1H   0x000fe2       data     extern C:\MCC18\src\traditional\proc\p18F4580.asm
                   PLUSW1   0x000fe3       data     extern C:\MCC18\src\traditional\proc\p18F4580.asm
                  PREINC1   0x000fe4       data     extern C:\MCC18\src\traditional\proc\p18F4580.asm
                 POSTDEC1   0x000fe5       data     extern C:\MCC18\src\traditional\proc\p18F4580.asm
                 POSTINC1   0x000fe6       data     extern C:\MCC18\src\traditional\proc\p18F4580.asm
                    INDF1   0x000fe7       data     extern C:\MCC18\src\traditional\proc\p18F4580.asm
                     WREG   0x000fe8       data     extern C:\MCC18\src\traditional\proc\p18F4580.asm
                    FSR0L   0x000fe9       data     extern C:\MCC18\src\traditional\proc\p18F4580.asm
                     FSR0   0x000fe9       data     extern C:\MCC18\src\traditional\proc\p18F4580.asm
                    FSR0H   0x000fea       data     extern C:\MCC18\src\traditional\proc\p18F4580.asm
                   PLUSW0   0x000feb       data     extern C:\MCC18\src\traditional\proc\p18F4580.asm
                  PREINC0   0x000fec       data     extern C:\MCC18\src\traditional\proc\p18F4580.asm
                 POSTDEC0   0x000fed       data     extern C:\MCC18\src\traditional\proc\p18F4580.asm
                 POSTINC0   0x000fee       data     extern C:\MCC18\src\traditional\proc\p18F4580.asm
                    INDF0   0x000fef       data     extern C:\MCC18\src\traditional\proc\p18F4580.asm
              INTCON3bits   0x000ff0       data     extern C:\MCC18\src\traditional\proc\p18F4580.asm
                  INTCON3   0x000ff0       data     extern C:\MCC18\src\traditional\proc\p18F4580.asm
                  INTCON2   0x000ff1       data     extern C:\MCC18\src\traditional\proc\p18F4580.asm
              INTCON2bits   0x000ff1       data     extern C:\MCC18\src\traditional\proc\p18F4580.asm
                   INTCON   0x000ff2       data     extern C:\MCC18\src\traditional\proc\p18F4580.asm
               INTCONbits   0x000ff2       data     extern C:\MCC18\src\traditional\proc\p18F4580.asm
                    PRODL   0x000ff3       data     extern C:\MCC18\src\traditional\proc\p18F4580.asm
                     PROD   0x000ff3       data     extern C:\MCC18\src\traditional\proc\p18F4580.asm
                    PRODH   0x000ff4       data     extern C:\MCC18\src\traditional\proc\p18F4580.asm
                   TABLAT   0x000ff5       data     extern C:\MCC18\src\traditional\proc\p18F4580.asm
                  TBLPTRL   0x000ff6       data     extern C:\MCC18\src\traditional\proc\p18F4580.asm
                   TBLPTR   0x000ff6       data     extern C:\MCC18\src\traditional\proc\p18F4580.asm
                  TBLPTRH   0x000ff7       data     extern C:\MCC18\src\traditional\proc\p18F4580.asm
                  TBLPTRU   0x000ff8       data     extern C:\MCC18\src\traditional\proc\p18F4580.asm
                      PCL   0x000ff9       data     extern C:\MCC18\src\traditional\proc\p18F4580.asm
                       PC   0x000ff9       data     extern C:\MCC18\src\traditional\proc\p18F4580.asm
                   PCLATH   0x000ffa       data     extern C:\MCC18\src\traditional\proc\p18F4580.asm
                   PCLATU   0x000ffb       data     extern C:\MCC18\src\traditional\proc\p18F4580.asm
                   STKPTR   0x000ffc       data     extern C:\MCC18\src\traditional\proc\p18F4580.asm
               STKPTRbits   0x000ffc       data     extern C:\MCC18\src\traditional\proc\p18F4580.asm
                      TOS   0x000ffd       data     extern C:\MCC18\src\traditional\proc\p18F4580.asm
                     TOSL   0x000ffd       data     extern C:\MCC18\src\traditional\proc\p18F4580.asm
                     TOSH   0x000ffe       data     extern C:\MCC18\src\traditional\proc\p18F4580.asm
                     TOSU   0x000fff       data     extern C:\MCC18\src\traditional\proc\p18F4580.asm


